Archive member included to satisfy reference by file (symbol)

C:/Users/admin/eclipse-workspace/freeRTOS/Release/libfreeRTOS.a(queue.o)
                              ./6b.o (xQueueGenericCreate)
C:/Users/admin/eclipse-workspace/freeRTOS/Release/libfreeRTOS.a(tasks.o)
                              ./6b.o (xTaskGenericCreate)
C:/Users/admin/eclipse-workspace/freeRTOS/Release/libfreeRTOS.a(heap_2.o)
                              C:/Users/admin/eclipse-workspace/freeRTOS/Release/libfreeRTOS.a(queue.o) (pvPortMalloc)
C:/Users/admin/eclipse-workspace/freeRTOS/Release/libfreeRTOS.a(port.o)
                              C:/Users/admin/eclipse-workspace/freeRTOS/Release/libfreeRTOS.a(tasks.o) (pxPortInitialiseStack)
C:/Users/admin/eclipse-workspace/freeRTOS/Release/libfreeRTOS.a(list.o)
                              C:/Users/admin/eclipse-workspace/freeRTOS/Release/libfreeRTOS.a(queue.o) (vListInitialise)
d:/arduino/hardware/tools/avr/bin/../lib/gcc/avr/4.9.2/avr5\libgcc.a(_mulsi3.o)
                              ./arduino/WMath.o (__mulsi3)
d:/arduino/hardware/tools/avr/bin/../lib/gcc/avr/4.9.2/avr5\libgcc.a(_udivmodsi4.o)
                              ./arduino/HardwareSerial.o (__udivmodsi4)
d:/arduino/hardware/tools/avr/bin/../lib/gcc/avr/4.9.2/avr5\libgcc.a(_divmodsi4.o)
                              ./arduino/WMath.o (__divmodsi4)
d:/arduino/hardware/tools/avr/bin/../lib/gcc/avr/4.9.2/avr5\libgcc.a(_negsi2.o)
                              d:/arduino/hardware/tools/avr/bin/../lib/gcc/avr/4.9.2/avr5\libgcc.a(_divmodsi4.o) (__negsi2)
d:/arduino/hardware/tools/avr/bin/../lib/gcc/avr/4.9.2/avr5\libgcc.a(_exit.o)
                              d:/arduino/hardware/tools/avr/bin/../lib/gcc/avr/4.9.2/../../../../avr/lib/avr5/crtatmega328p.o (exit)
d:/arduino/hardware/tools/avr/bin/../lib/gcc/avr/4.9.2/avr5\libgcc.a(_copy_data.o)
                              ./arduino/HardwareSerial.o (__do_copy_data)
d:/arduino/hardware/tools/avr/bin/../lib/gcc/avr/4.9.2/avr5\libgcc.a(_clear_bss.o)
                              ./arduino/HardwareSerial0.o (__do_clear_bss)
d:/arduino/hardware/tools/avr/bin/../lib/gcc/avr/4.9.2/avr5\libgcc.a(_ctors.o)
                              ./arduino/HardwareSerial0.o (__do_global_ctors)
d:/arduino/hardware/tools/avr/bin/../lib/gcc/avr/4.9.2/avr5\libgcc.a(_muluhisi3.o)
                              ./arduino/Stream.o (__muluhisi3)
d:/arduino/hardware/tools/avr/bin/../lib/gcc/avr/4.9.2/avr5\libgcc.a(_tablejump2.o)
                              d:/arduino/hardware/tools/avr/bin/../lib/gcc/avr/4.9.2/avr5\libgcc.a(_ctors.o) (__tablejump2__)
d:/arduino/hardware/tools/avr/bin/../lib/gcc/avr/4.9.2/avr5\libgcc.a(_umulhisi3.o)
                              d:/arduino/hardware/tools/avr/bin/../lib/gcc/avr/4.9.2/avr5\libgcc.a(_muluhisi3.o) (__umulhisi3)
d:/arduino/hardware/tools/avr/bin/../lib/gcc/avr/4.9.2/../../../../avr/lib/avr5\libm.a(addsf3.o)
                              ./arduino/Print.o (__subsf3)
d:/arduino/hardware/tools/avr/bin/../lib/gcc/avr/4.9.2/../../../../avr/lib/avr5\libm.a(addsf3x.o)
                              d:/arduino/hardware/tools/avr/bin/../lib/gcc/avr/4.9.2/../../../../avr/lib/avr5\libm.a(addsf3.o) (__addsf3x)
d:/arduino/hardware/tools/avr/bin/../lib/gcc/avr/4.9.2/../../../../avr/lib/avr5\libm.a(cmpsf2.o)
                              ./arduino/Print.o (__ltsf2)
d:/arduino/hardware/tools/avr/bin/../lib/gcc/avr/4.9.2/../../../../avr/lib/avr5\libm.a(divsf3.o)
                              ./arduino/Print.o (__divsf3)
d:/arduino/hardware/tools/avr/bin/../lib/gcc/avr/4.9.2/../../../../avr/lib/avr5\libm.a(divsf3x.o)
                              d:/arduino/hardware/tools/avr/bin/../lib/gcc/avr/4.9.2/../../../../avr/lib/avr5\libm.a(divsf3.o) (__divsf3x)
d:/arduino/hardware/tools/avr/bin/../lib/gcc/avr/4.9.2/../../../../avr/lib/avr5\libm.a(fixunssfsi.o)
                              ./arduino/Print.o (__fixunssfsi)
d:/arduino/hardware/tools/avr/bin/../lib/gcc/avr/4.9.2/../../../../avr/lib/avr5\libm.a(floatsisf.o)
                              ./arduino/Print.o (__floatunsisf)
d:/arduino/hardware/tools/avr/bin/../lib/gcc/avr/4.9.2/../../../../avr/lib/avr5\libm.a(fp_cmp.o)
                              d:/arduino/hardware/tools/avr/bin/../lib/gcc/avr/4.9.2/../../../../avr/lib/avr5\libm.a(cmpsf2.o) (__fp_cmp)
d:/arduino/hardware/tools/avr/bin/../lib/gcc/avr/4.9.2/../../../../avr/lib/avr5\libm.a(fp_inf.o)
                              d:/arduino/hardware/tools/avr/bin/../lib/gcc/avr/4.9.2/../../../../avr/lib/avr5\libm.a(addsf3x.o) (__fp_inf)
d:/arduino/hardware/tools/avr/bin/../lib/gcc/avr/4.9.2/../../../../avr/lib/avr5\libm.a(fp_nan.o)
                              d:/arduino/hardware/tools/avr/bin/../lib/gcc/avr/4.9.2/../../../../avr/lib/avr5\libm.a(addsf3x.o) (__fp_nan)
d:/arduino/hardware/tools/avr/bin/../lib/gcc/avr/4.9.2/../../../../avr/lib/avr5\libm.a(fp_pscA.o)
[...]
Memory Configuration

Name             Origin             Length             Attributes
text             0x00000000         0x00020000         xr
data             0x00800060         0x0000ffa0         rw !x
eeprom           0x00810000         0x00010000         rw !x
fuse             0x00820000         0x00000003         rw !x
lock             0x00830000         0x00000400         rw !x
signature        0x00840000         0x00000400         rw !x
user_signatures  0x00850000         0x00000400         rw !x
*default*        0x00000000         0xffffffff

Linker script and memory map

Address of section .data set to 0x800100
LOAD d:/arduino/hardware/tools/avr/bin/../lib/gcc/avr/4.9.2/../../../../avr/lib/avr5/crtatmega328p.o
LOAD ./arduino/CDC.o
LOAD ./arduino/HardwareSerial.o
LOAD ./arduino/HardwareSerial0.o
LOAD ./arduino/HardwareSerial1.o
LOAD ./arduino/HardwareSerial2.o
LOAD ./arduino/HardwareSerial3.o
LOAD ./arduino/IPAddress.o
LOAD ./arduino/PluggableUSB.o
LOAD ./arduino/Print.o
LOAD ./arduino/Stream.o
LOAD ./arduino/Tone.o
LOAD ./arduino/USBCore.o
LOAD ./arduino/WInterrupts.o
LOAD ./arduino/WMath.o
LOAD ./arduino/WString.o
LOAD ./arduino/abi.o
LOAD ./arduino/hooks.o
LOAD ./arduino/main.o
LOAD ./arduino/new.o
LOAD ./arduino/wiring.o
LOAD ./arduino/wiring_analog.o
LOAD ./arduino/wiring_digital.o
LOAD ./arduino/wiring_pulse.o
LOAD ./arduino/wiring_shift.o
LOAD ./1.o
LOAD ./2.o
LOAD ./3.o
LOAD ./4.o
LOAD ./5.o
LOAD ./6a.o
LOAD ./6b.o
LOAD ./7a.o
LOAD ./7c.o
LOAD C:/Users/admin/eclipse-workspace/freeRTOS/Release/libfreeRTOS.a
LOAD d:/arduino/hardware/tools/avr/bin/../lib/gcc/avr/4.9.2/avr5\libgcc.a
LOAD d:/arduino/hardware/tools/avr/bin/../lib/gcc/avr/4.9.2/../../../../avr/lib/avr5\libm.a
START GROUP
LOAD d:/arduino/hardware/tools/avr/bin/../lib/gcc/avr/4.9.2/avr5\libgcc.a
LOAD d:/arduino/hardware/tools/avr/bin/../lib/gcc/avr/4.9.2/../../../../avr/lib/avr5\libm.a
LOAD d:/arduino/hardware/tools/avr/bin/../lib/gcc/avr/4.9.2/../../../../avr/lib/avr5\libc.a
LOAD d:/arduino/hardware/tools/avr/bin/../lib/gcc/avr/4.9.2/../../../../avr/lib/avr5\libatmega328p.a
END GROUP
                0x00020000                __TEXT_REGION_LENGTH__ = DEFINED (__TEXT_REGION_LENGTH__)?__TEXT_REGION_LENGTH__:0x20000
                0x0000ffa0                __DATA_REGION_LENGTH__ = DEFINED (__DATA_REGION_LENGTH__)?__DATA_REGION_LENGTH__:0xffa0
                0x00010000                __EEPROM_REGION_LENGTH__ = DEFINED (__EEPROM_REGION_LENGTH__)?__EEPROM_REGION_LENGTH__:0x10000
                [0x00000003]                __FUSE_REGION_LENGTH__ = DEFINED (__FUSE_REGION_LENGTH__)?__FUSE_REGION_LENGTH__:0x400
                0x00000400                __LOCK_REGION_LENGTH__ = DEFINED (__LOCK_REGION_LENGTH__)?__LOCK_REGION_LENGTH__:0x400
                0x00000400                __SIGNATURE_REGION_LENGTH__ = DEFINED (__SIGNATURE_REGION_LENGTH__)?__SIGNATURE_REGION_LENGTH__:0x400
                0x00000400                __USER_SIGNATURE_REGION_LENGTH__ = DEFINED (__USER_SIGNATURE_REGION_LENGTH__)?__USER_SIGNATURE_REGION_LENGTH__:0x400

.hash
 *(.hash)

.dynsym
 *(.dynsym)

.dynstr
 *(.dynstr)

.gnu.version
 *(.gnu.version)

.gnu.version_d
 *(.gnu.version_d)

.gnu.version_r
 *(.gnu.version_r)

.rel.init
 *(.rel.init)

.rela.init
 *(.rela.init)

.rel.text
 *(.rel.text)
 *(.rel.text.*)
 *(.rel.gnu.linkonce.t*)

.rela.text
 *(.rela.text)
 *(.rela.text.*)
 *(.rela.gnu.linkonce.t*)

.rel.fini
 *(.rel.fini)

.rela.fini
 *(.rela.fini)

.rel.rodata
 *(.rel.rodata)
 *(.rel.rodata.*)
 *(.rel.gnu.linkonce.r*)

.rela.rodata
 *(.rela.rodata)
 *(.rela.rodata.*)
 *(.rela.gnu.linkonce.r*)

.rel.data
 *(.rel.data)
 *(.rel.data.*)
 *(.rel.gnu.linkonce.d*)

.rela.data
 *(.rela.data)
 *(.rela.data.*)
 *(.rela.gnu.linkonce.d*)

.rel.ctors
 *(.rel.ctors)

.rela.ctors
 *(.rela.ctors)

.rel.dtors
 *(.rel.dtors)

.rela.dtors
 *(.rela.dtors)

.rel.got
 *(.rel.got)

.rela.got
 *(.rela.got)

.rel.bss
 *(.rel.bss)

.rela.bss
 *(.rela.bss)

.rel.plt
 *(.rel.plt)

.rela.plt
 *(.rela.plt)

.text           0x00000000     0x20d0
 *(.vectors)
 .vectors       0x00000000       0x68 d:/arduino/hardware/tools/avr/bin/../lib/gcc/avr/4.9.2/../../../../avr/lib/avr5/crtatmega328p.o
                0x00000000                __vector_default
                0x00000000                __vectors
 *(.vectors)
 *(.progmem.gcc*)
                0x00000068                . = ALIGN (0x2)
                0x00000068                __trampolines_start = .
 *(.trampolines)
 .trampolines   0x00000068        0x0 linker stubs
 *(.trampolines*)
                0x00000068                __trampolines_end = .
 *libprintf_flt.a:*(.progmem.data)
 *libc.a:*(.progmem.data)
 *(.progmem*)
 .progmem.data._ZL21tone_pin_to_timer_PGM
                0x00000068        0x1 ./arduino/Tone.o
 .progmem.data.digital_pin_to_timer_PGM
                0x00000069       0x14 ./arduino/wiring_digital.o
                0x00000069                digital_pin_to_timer_PGM
 .progmem.data.digital_pin_to_bit_mask_PGM
                0x0000007d       0x14 ./arduino/wiring_digital.o
                0x0000007d                digital_pin_to_bit_mask_PGM
 .progmem.data.digital_pin_to_port_PGM
                0x00000091       0x14 ./arduino/wiring_digital.o
                0x00000091                digital_pin_to_port_PGM
 .progmem.data.port_to_output_PGM
                0x000000a5        0xa ./arduino/wiring_digital.o
                0x000000a5                port_to_output_PGM
                0x000000b0                . = ALIGN (0x2)
 *fill*         0x000000af        0x1 
 *(.jumptables)
 *(.jumptables*)
 *(.lowtext)
 *(.lowtext*)
                0x000000b0                __ctors_start = .
 *(.ctors)
 .ctors         0x000000b0        0x2 ./arduino/HardwareSerial0.o
 .ctors         0x000000b2        0x2 ./arduino/IPAddress.o
                0x000000b4                __ctors_end = .
                0x000000b4                __dtors_start = .
 *(.dtors)
                0x000000b4                __dtors_end = .
 SORT(*)(.ctors)
 SORT(*)(.dtors)
 *(.init0)
 .init0         0x000000b4        0x0 d:/arduino/hardware/tools/avr/bin/../lib/gcc/avr/4.9.2/../../../../avr/lib/avr5/crtatmega328p.o
                0x000000b4                __init
 *(.init0)
 *(.init1)
 *(.init1)
 *(.init2)
 .init2         0x000000b4        0xc d:/arduino/hardware/tools/avr/bin/../lib/gcc/avr/4.9.2/../../../../avr/lib/avr5/crtatmega328p.o
 *(.init2)
 *(.init3)
 *(.init3)
 *(.init4)
 .init4         0x000000c0       0x16 d:/arduino/hardware/tools/avr/bin/../lib/gcc/avr/4.9.2/avr5\libgcc.a(_copy_data.o)
                0x000000c0                __do_copy_data
 .init4         0x000000d6       0x10 d:/arduino/hardware/tools/avr/bin/../lib/gcc/avr/4.9.2/avr5\libgcc.a(_clear_bss.o)
                0x000000d6                __do_clear_bss
 *(.init4)
 *(.init5)
 *(.init5)
 *(.init6)
 .init6         0x000000e6       0x16 d:/arduino/hardware/tools/avr/bin/../lib/gcc/avr/4.9.2/avr5\libgcc.a(_ctors.o)
                0x000000e6                __do_global_ctors
 *(.init6)
 *(.init7)
 *(.init7)
 *(.init8)
 *(.init8)
 *(.init9)
 .init9         0x000000fc        0x6 d:/arduino/hardware/tools/avr/bin/../lib/gcc/avr/4.9.2/../../../../avr/lib/avr5/crtatmega328p.o
 *(.init9)
 *(.text)
 .text          0x00000102        0x2 d:/arduino/hardware/tools/avr/bin/../lib/gcc/avr/4.9.2/../../../../avr/lib/avr5/crtatmega328p.o
                0x00000102                __vector_22
                0x00000102                __vector_24
                0x00000102                __vector_12
                0x00000102                __bad_interrupt
                0x00000102                __vector_6
                0x00000102                __vector_3
                0x00000102                __vector_23
                0x00000102                __vector_25
                0x00000102                __vector_13
                0x00000102                __vector_17
                0x00000102                __vector_5
                0x00000102                __vector_4
                0x00000102                __vector_9
                0x00000102                __vector_21
                0x00000102                __vector_15
                0x00000102                __vector_8
                0x00000102                __vector_14
                0x00000102                __vector_10
                0x00000102                __vector_20
                0x00000104                . = ALIGN (0x2)
 *(.text.*)
 .text._ZN14HardwareSerial9availableEv
                0x00000104       0x18 ./arduino/HardwareSerial.o
                0x00000104                _ZN14HardwareSerial9availableEv
 .text._ZN14HardwareSerial4peekEv
                0x0000011c       0x1c ./arduino/HardwareSerial.o
                0x0000011c                _ZN14HardwareSerial4peekEv
 .text._ZN14HardwareSerial4readEv
                0x00000138       0x28 ./arduino/HardwareSerial.o
                0x00000138                _ZN14HardwareSerial4readEv
 .text._ZN14HardwareSerial17availableForWriteEv
                0x00000160       0x1e ./arduino/HardwareSerial.o
                0x00000160                _ZN14HardwareSerial17availableForWriteEv
 .text._Z14serialEventRunv
                0x0000017e       0x1a ./arduino/HardwareSerial.o
                0x0000017e                _Z14serialEventRunv
 .text._ZN14HardwareSerial17_tx_udr_empty_irqEv
                0x00000198       0x42 ./arduino/HardwareSerial.o
                0x00000198                _ZN14HardwareSerial17_tx_udr_empty_irqEv
 .text._ZN14HardwareSerial5flushEv
                0x000001da       0x42 ./arduino/HardwareSerial.o
                0x000001da                _ZN14HardwareSerial5flushEv
 .text._ZN14HardwareSerial5writeEh
                0x0000021c       0x8c ./arduino/HardwareSerial.o
                0x0000021c                _ZN14HardwareSerial5writeEh
 .text._ZN14HardwareSerial5beginEmh
                0x000002a8       0xca ./arduino/HardwareSerial.o
                0x000002a8                _ZN14HardwareSerial5beginEmh
 .text.__vector_18
                0x00000372       0x64 ./arduino/HardwareSerial0.o
                0x00000372                __vector_18
 .text.__vector_19
                0x000003d6       0x4a ./arduino/HardwareSerial0.o
                0x000003d6                __vector_19
 .text._Z17Serial0_availablev
                0x00000420       0x12 ./arduino/HardwareSerial0.o
                0x00000420                _Z17Serial0_availablev
 .text.startup._GLOBAL__sub_I___vector_18
                0x00000432       0x5a ./arduino/HardwareSerial0.o
 .text._ZNK9IPAddress7printToER5Print
                0x0000048c       0x7e ./arduino/IPAddress.o
                0x0000048c                _ZNK9IPAddress7printToER5Print
 .text.startup._GLOBAL__sub_I__ZN9IPAddressC2Ev
                0x0000050a       0x16 ./arduino/IPAddress.o
 .text._ZN5Print5writeEPKhj
                0x00000520       0x56 ./arduino/Print.o
                0x00000520                _ZN5Print5writeEPKhj
 .text._ZN5Print5writeEPKc
                0x00000576       0x2a ./arduino/Print.o
                0x00000576                _ZN5Print5writeEPKc
 .text._ZN5Print5printEc
                0x000005a0        0xe ./arduino/Print.o
                0x000005a0                _ZN5Print5printEc
 .text._ZN5Print7printlnEv
                0x000005ae        0x6 ./arduino/Print.o
                0x000005ae                _ZN5Print7printlnEv
 .text._ZN5Print7printlnEPKc
                0x000005b4       0x20 ./arduino/Print.o
                0x000005b4                _ZN5Print7printlnEPKc
 .text._ZN5Print11printNumberEmh
                0x000005d4       0xa6 ./arduino/Print.o
                0x000005d4                _ZN5Print11printNumberEmh
 .text._ZN5Print5printEli
                0x0000067a       0x8e ./arduino/Print.o
                0x0000067a                _ZN5Print5printEli
 .text._ZN5Print7printlnEii
                0x00000708       0x2a ./arduino/Print.o
                0x00000708                _ZN5Print7printlnEii
 .text._ZN5Print5printEmi
                0x00000732       0x18 ./arduino/Print.o
                0x00000732                _ZN5Print5printEmi
 .text._ZN5Print5printEhi
                0x0000074a        0xc ./arduino/Print.o
                0x0000074a                _ZN5Print5printEhi
 .text._Z12disableTimerh
                0x00000756       0x40 ./arduino/Tone.o
                0x00000756                _Z12disableTimerh
 .text._Z6noToneh
                0x00000796       0x28 ./arduino/Tone.o
                0x00000796                _Z6noToneh
 .text.__vector_7
                0x000007be       0xb6 ./arduino/Tone.o
                0x000007be                __vector_7
 .text.nothing  0x00000874        0x2 ./arduino/WInterrupts.o
 .text.attachInterrupt
                0x00000876       0x40 ./arduino/WInterrupts.o
                0x00000876                attachInterrupt
 .text.__vector_1
                0x000008b6       0x4e ./arduino/WInterrupts.o
                0x000008b6                __vector_1
 .text.__vector_2
                0x00000904       0x4e ./arduino/WInterrupts.o
                0x00000904                __vector_2
 .text.initVariant
                0x00000952        0x2 ./arduino/main.o
                0x00000952                initVariant
 .text.startup.main
                0x00000954       0x14 ./arduino/main.o
                0x00000954                main
 .text.__vector_16
                0x00000968       0x94 ./arduino/wiring.o
                0x00000968                __vector_16
 .text.millis   0x000009fc       0x18 ./arduino/wiring.o
                0x000009fc                millis
 .text.init     0x00000a14       0x76 ./arduino/wiring.o
                0x00000a14                init
 .text.analogRead
                0x00000a8a       0x3a ./arduino/wiring_analog.o
                0x00000a8a                analogRead
 .text.turnOffPWM
                0x00000ac4       0x52 ./arduino/wiring_digital.o
 .text.digitalWrite
                0x00000b16       0x5e ./arduino/wiring_digital.o
                0x00000b16                digitalWrite
 .text._Z8consumerPv
                0x00000b74       0x54 ./6b.o
                0x00000b74                _Z8consumerPv
 .text._Z7int0ISRv
                0x00000bc8       0x66 ./6b.o
                0x00000bc8                _Z7int0ISRv
 .text.setup    0x00000c2e       0x78 ./6b.o
                0x00000c2e                setup
 .text.loop     0x00000ca6        0x2 ./6b.o
                0x00000ca6                loop
 .text.prvCopyDataToQueue
                0x00000ca8       0xac C:/Users/admin/eclipse-workspace/freeRTOS/Release/libfreeRTOS.a(queue.o)
 .text.prvCopyDataFromQueue
                0x00000d54       0x34 C:/Users/admin/eclipse-workspace/freeRTOS/Release/libfreeRTOS.a(queue.o)
 .text.prvUnlockQueue
                0x00000d88       0x74 C:/Users/admin/eclipse-workspace/freeRTOS/Release/libfreeRTOS.a(queue.o)
 .text.xQueueGenericReset
                0x00000dfc       0x70 C:/Users/admin/eclipse-workspace/freeRTOS/Release/libfreeRTOS.a(queue.o)
                0x00000dfc                xQueueGenericReset
 .text.xQueueGenericCreate
                0x00000e6c       0x64 C:/Users/admin/eclipse-workspace/freeRTOS/Release/libfreeRTOS.a(queue.o)
                0x00000e6c                xQueueGenericCreate
 .text.xQueueGenericSendFromISR
                0x00000ed0       0x58 C:/Users/admin/eclipse-workspace/freeRTOS/Release/libfreeRTOS.a(queue.o)
                0x00000ed0                xQueueGenericSendFromISR
 .text.xQueueGenericReceive
                0x00000f28      0x16a C:/Users/admin/eclipse-workspace/freeRTOS/Release/libfreeRTOS.a(queue.o)
                0x00000f28                xQueueGenericReceive
 .text.prvResetNextTaskUnblockTime
                0x00001092       0x44 C:/Users/admin/eclipse-workspace/freeRTOS/Release/libfreeRTOS.a(tasks.o)
 .text.prvAddCurrentTaskToDelayedList
                0x000010d6       0x9e C:/Users/admin/eclipse-workspace/freeRTOS/Release/libfreeRTOS.a(tasks.o)
 .text.xTaskGenericCreate
                0x00001174      0x1e8 C:/Users/admin/eclipse-workspace/freeRTOS/Release/libfreeRTOS.a(tasks.o)
                0x00001174                xTaskGenericCreate
 .text.vTaskStartScheduler
                0x0000135c       0x7e C:/Users/admin/eclipse-workspace/freeRTOS/Release/libfreeRTOS.a(tasks.o)
                0x0000135c                vTaskStartScheduler
 .text.vTaskSuspendAll
                0x000013da        0xc C:/Users/admin/eclipse-workspace/freeRTOS/Release/libfreeRTOS.a(tasks.o)
                0x000013da                vTaskSuspendAll
 .text.xTaskIncrementTick
                0x000013e6      0x19a C:/Users/admin/eclipse-workspace/freeRTOS/Release/libfreeRTOS.a(tasks.o)
                0x000013e6                xTaskIncrementTick
 .text.xTaskResumeAll
                0x00001580       0xd6 C:/Users/admin/eclipse-workspace/freeRTOS/Release/libfreeRTOS.a(tasks.o)
                0x00001580                xTaskResumeAll
 .text.vTaskDelayUntil
                0x00001656       0xce C:/Users/admin/eclipse-workspace/freeRTOS/Release/libfreeRTOS.a(tasks.o)
                0x00001656                vTaskDelayUntil
 .text.prvIdleTask
                0x00001724       0x5c C:/Users/admin/eclipse-workspace/freeRTOS/Release/libfreeRTOS.a(tasks.o)
 .text.vTaskSwitchContext
                0x00001780       0x98 C:/Users/admin/eclipse-workspace/freeRTOS/Release/libfreeRTOS.a(tasks.o)
                0x00001780                vTaskSwitchContext
 .text.vTaskPlaceOnEventList
                0x00001818       0x4e C:/Users/admin/eclipse-workspace/freeRTOS/Release/libfreeRTOS.a(tasks.o)
                0x00001818                vTaskPlaceOnEventList
 .text.xTaskRemoveFromEventList
                0x00001866       0x7a C:/Users/admin/eclipse-workspace/freeRTOS/Release/libfreeRTOS.a(tasks.o)
                0x00001866                xTaskRemoveFromEventList
 .text.vTaskSetTimeOutState
                0x000018e0       0x22 C:/Users/admin/eclipse-workspace/freeRTOS/Release/libfreeRTOS.a(tasks.o)
                0x000018e0                vTaskSetTimeOutState
 .text.xTaskCheckForTimeOut
                0x00001902       0xa6 C:/Users/admin/eclipse-workspace/freeRTOS/Release/libfreeRTOS.a(tasks.o)
                0x00001902                xTaskCheckForTimeOut
 .text.vTaskMissedYield
                0x000019a8        0x8 C:/Users/admin/eclipse-workspace/freeRTOS/Release/libfreeRTOS.a(tasks.o)
                0x000019a8                vTaskMissedYield
 .text.vTaskPriorityInherit
                0x000019b0       0xbe C:/Users/admin/eclipse-workspace/freeRTOS/Release/libfreeRTOS.a(tasks.o)
                0x000019b0                vTaskPriorityInherit
 .text.xTaskPriorityDisinherit
                0x00001a6e       0x74 C:/Users/admin/eclipse-workspace/freeRTOS/Release/libfreeRTOS.a(tasks.o)
                0x00001a6e                xTaskPriorityDisinherit
 .text.pvTaskIncrementMutexHeldCount
                0x00001ae2       0x24 C:/Users/admin/eclipse-workspace/freeRTOS/Release/libfreeRTOS.a(tasks.o)
                0x00001ae2                pvTaskIncrementMutexHeldCount
 .text.pvPortMalloc
                0x00001b06      0x120 C:/Users/admin/eclipse-workspace/freeRTOS/Release/libfreeRTOS.a(heap_2.o)
                0x00001b06                pvPortMalloc
 .text.vPortFree
                0x00001c26       0x54 C:/Users/admin/eclipse-workspace/freeRTOS/Release/libfreeRTOS.a(heap_2.o)
                0x00001c26                vPortFree
 .text.pxPortInitialiseStack
                0x00001c7a       0xd8 C:/Users/admin/eclipse-workspace/freeRTOS/Release/libfreeRTOS.a(port.o)
                0x00001c7a                pxPortInitialiseStack
 .text.xPortStartScheduler
                0x00001d52       0x76 C:/Users/admin/eclipse-workspace/freeRTOS/Release/libfreeRTOS.a(port.o)
                0x00001d52                xPortStartScheduler
 .text.vPortYield
                0x00001dc8       0xb0 C:/Users/admin/eclipse-workspace/freeRTOS/Release/libfreeRTOS.a(port.o)
                0x00001dc8                vPortYield
 .text.vPortYieldFromTick
                0x00001e78       0xb4 C:/Users/admin/eclipse-workspace/freeRTOS/Release/libfreeRTOS.a(port.o)
                0x00001e78                vPortYieldFromTick
 .text.__vector_11
                0x00001f2c        0x4 C:/Users/admin/eclipse-workspace/freeRTOS/Release/libfreeRTOS.a(port.o)
                0x00001f2c                __vector_11
 .text.vListInitialise
                0x00001f30       0x22 C:/Users/admin/eclipse-workspace/freeRTOS/Release/libfreeRTOS.a(list.o)
                0x00001f30                vListInitialise
 .text.vListInitialiseItem
                0x00001f52        0x8 C:/Users/admin/eclipse-workspace/freeRTOS/Release/libfreeRTOS.a(list.o)
                0x00001f52                vListInitialiseItem
 .text.vListInsertEnd
                0x00001f5a       0x42 C:/Users/admin/eclipse-workspace/freeRTOS/Release/libfreeRTOS.a(list.o)
                0x00001f5a                vListInsertEnd
 .text.vListInsert
                0x00001f9c       0x88 C:/Users/admin/eclipse-workspace/freeRTOS/Release/libfreeRTOS.a(list.o)
                0x00001f9c                vListInsert
 .text.uxListRemove
                0x00002024       0x46 C:/Users/admin/eclipse-workspace/freeRTOS/Release/libfreeRTOS.a(list.o)
                0x00002024                uxListRemove
 .text.libgcc.div
                0x0000206a       0x44 d:/arduino/hardware/tools/avr/bin/../lib/gcc/avr/4.9.2/avr5\libgcc.a(_udivmodsi4.o)
                0x0000206a                __udivmodsi4
 .text.libgcc   0x000020ae        0xc d:/arduino/hardware/tools/avr/bin/../lib/gcc/avr/4.9.2/avr5\libgcc.a(_tablejump2.o)
                0x000020ae                __tablejump2__
 .text.avr-libc
                0x000020ba       0x12 d:/arduino/hardware/tools/avr/bin/../lib/gcc/avr/4.9.2/../../../../avr/lib/avr5\libc.a(memcpy.o)
                0x000020ba                memcpy
                0x000020cc                . = ALIGN (0x2)
 *(.fini9)
 .fini9         0x000020cc        0x0 d:/arduino/hardware/tools/avr/bin/../lib/gcc/avr/4.9.2/avr5\libgcc.a(_exit.o)
                0x000020cc                _exit
                0x000020cc                exit
 *(.fini9)
 *(.fini8)
 *(.fini8)
 *(.fini7)
 *(.fini7)
 *(.fini6)
 *(.fini6)
 *(.fini5)
 *(.fini5)
 *(.fini4)
 *(.fini4)
 *(.fini3)
 *(.fini3)
 *(.fini2)
 *(.fini2)
 *(.fini1)
 *(.fini1)
 *(.fini0)
 .fini0         0x000020cc        0x4 d:/arduino/hardware/tools/avr/bin/../lib/gcc/avr/4.9.2/avr5\libgcc.a(_exit.o)
 *(.fini0)
                0x000020d0                _etext = .

.data           0x00800100       0x5c load address 0x000020d0
                0x00800100                PROVIDE (__data_start, .)
 *(.data)
 *(.data*)
 .data._ZL9tone_pins
                0x00800100        0x1 ./arduino/Tone.o
 .data.intFunc  0x00800101        0x4 ./arduino/WInterrupts.o
 .data.analog_reference
                0x00800105        0x1 ./arduino/wiring_analog.o
                0x00800105                analog_reference
 .data.xFreeBytesRemaining
                0x00800106        0x2 C:/Users/admin/eclipse-workspace/freeRTOS/Release/libfreeRTOS.a(heap_2.o)
 *(.rodata)
 *(.rodata*)
 .rodata._ZTV14HardwareSerial
                0x00800108       0x12 ./arduino/HardwareSerial.o
                0x00800108                _ZTV14HardwareSerial
 .rodata._ZTV9IPAddress
                0x0080011a        0x6 ./arduino/IPAddress.o
                0x0080011a                _ZTV9IPAddress
 .rodata.str1.1
                0x00800120        0xf ./arduino/Print.o
 .rodata.str1.1
                0x0080012f       0x27 ./6b.o
 .rodata.str1.1
                0x00800156        0x5 C:/Users/admin/eclipse-workspace/freeRTOS/Release/libfreeRTOS.a(tasks.o)
 *(.gnu.linkonce.d*)
                0x0080015c                . = ALIGN (0x2)
 *fill*         0x0080015b        0x1 
                0x0080015c                _edata = .
                0x0080015c                PROVIDE (__data_end, .)

.bss            0x0080015c      0x74f
                0x0080015c                PROVIDE (__bss_start, .)
 *(.bss)
 *(.bss*)
 .bss.Serial    0x0080015c       0x9d ./arduino/HardwareSerial0.o
                0x0080015c                Serial
 .bss._ZL11INADDR_NONE
                0x008001f9        0x6 ./arduino/IPAddress.o
 .bss.timer2_pin_mask
                0x008001ff        0x1 ./arduino/Tone.o
                0x008001ff                timer2_pin_mask
 .bss.timer2_pin_port
                0x00800200        0x2 ./arduino/Tone.o
                0x00800200                timer2_pin_port
 .bss.timer2_toggle_count
                0x00800202        0x4 ./arduino/Tone.o
                0x00800202                timer2_toggle_count
 .bss.timer0_fract
                0x00800206        0x1 ./arduino/wiring.o
 .bss.timer0_millis
                0x00800207        0x4 ./arduino/wiring.o
                0x00800207                timer0_millis
 .bss.timer0_overflow_count
                0x0080020b        0x4 ./arduino/wiring.o
                0x0080020b                timer0_overflow_count
 .bss.currMillis
                0x0080020f        0x2 ./6b.o
                0x0080020f                currMillis
 .bss.prevMillis
                0x00800211        0x2 ./6b.o
                0x00800211                prevMillis
 .bss.q         0x00800213        0x2 ./6b.o
                0x00800213                q
 .bss.uxSchedulerSuspended
                0x00800215        0x1 C:/Users/admin/eclipse-workspace/freeRTOS/Release/libfreeRTOS.a(tasks.o)
 .bss.xNextTaskUnblockTime
                0x00800216        0x4 C:/Users/admin/eclipse-workspace/freeRTOS/Release/libfreeRTOS.a(tasks.o)
 .bss.uxTaskNumber
                0x0080021a        0x1 C:/Users/admin/eclipse-workspace/freeRTOS/Release/libfreeRTOS.a(tasks.o)
 .bss.xNumOfOverflows
                0x0080021b        0x1 C:/Users/admin/eclipse-workspace/freeRTOS/Release/libfreeRTOS.a(tasks.o)
 .bss.xYieldPending
                0x0080021c        0x1 C:/Users/admin/eclipse-workspace/freeRTOS/Release/libfreeRTOS.a(tasks.o)
 .bss.uxPendedTicks
                0x0080021d        0x1 C:/Users/admin/eclipse-workspace/freeRTOS/Release/libfreeRTOS.a(tasks.o)
 .bss.xSchedulerRunning
                0x0080021e        0x1 C:/Users/admin/eclipse-workspace/freeRTOS/Release/libfreeRTOS.a(tasks.o)
 .bss.uxTopReadyPriority
                0x0080021f        0x1 C:/Users/admin/eclipse-workspace/freeRTOS/Release/libfreeRTOS.a(tasks.o)
 .bss.xTickCount
                0x00800220        0x4 C:/Users/admin/eclipse-workspace/freeRTOS/Release/libfreeRTOS.a(tasks.o)
 .bss.uxCurrentNumberOfTasks
                0x00800224        0x1 C:/Users/admin/eclipse-workspace/freeRTOS/Release/libfreeRTOS.a(tasks.o)
 .bss.uxTasksDeleted
                0x00800225        0x1 C:/Users/admin/eclipse-workspace/freeRTOS/Release/libfreeRTOS.a(tasks.o)
 .bss.xTasksWaitingTermination
                0x00800226        0xb C:/Users/admin/eclipse-workspace/freeRTOS/Release/libfreeRTOS.a(tasks.o)
 .bss.xPendingReadyList
                0x00800231        0xb C:/Users/admin/eclipse-workspace/freeRTOS/Release/libfreeRTOS.a(tasks.o)
 .bss.pxOverflowDelayedTaskList
                0x0080023c        0x2 C:/Users/admin/eclipse-workspace/freeRTOS/Release/libfreeRTOS.a(tasks.o)
 .bss.pxDelayedTaskList
                0x0080023e        0x2 C:/Users/admin/eclipse-workspace/freeRTOS/Release/libfreeRTOS.a(tasks.o)
 .bss.xDelayedTaskList2
                0x00800240        0xb C:/Users/admin/eclipse-workspace/freeRTOS/Release/libfreeRTOS.a(tasks.o)
 .bss.xDelayedTaskList1
                0x0080024b        0xb C:/Users/admin/eclipse-workspace/freeRTOS/Release/libfreeRTOS.a(tasks.o)
 .bss.pxReadyTasksLists
                0x00800256       0x6e C:/Users/admin/eclipse-workspace/freeRTOS/Release/libfreeRTOS.a(tasks.o)
 .bss.pxCurrentTCB
                0x008002c4        0x2 C:/Users/admin/eclipse-workspace/freeRTOS/Release/libfreeRTOS.a(tasks.o)
                0x008002c4                pxCurrentTCB
 .bss.xHeapHasBeenInitialised.1907
                0x008002c6        0x1 C:/Users/admin/eclipse-workspace/freeRTOS/Release/libfreeRTOS.a(heap_2.o)
 .bss.xEnd      0x008002c7        0x4 C:/Users/admin/eclipse-workspace/freeRTOS/Release/libfreeRTOS.a(heap_2.o)
 .bss.xStart    0x008002cb        0x4 C:/Users/admin/eclipse-workspace/freeRTOS/Release/libfreeRTOS.a(heap_2.o)
 .bss.ucHeap    0x008002cf      0x5dc C:/Users/admin/eclipse-workspace/freeRTOS/Release/libfreeRTOS.a(heap_2.o)
 *(COMMON)
                0x008008ab                PROVIDE (__bss_end, .)
                0x000020d0                __data_load_start = LOADADDR (.data)
                0x0000212c                __data_load_end = (__data_load_start + SIZEOF (.data))

.noinit         0x008008ab        0x0
                [!provide]                PROVIDE (__noinit_start, .)
 *(.noinit*)
                [!provide]                PROVIDE (__noinit_end, .)
                0x008008ab                _end = .
                0x008008ab                PROVIDE (__heap_start, .)

.eeprom         0x00810000        0x0
 *(.eeprom*)
                0x00810000                __eeprom_end = .

.fuse
 *(.fuse)
 *(.lfuse)
 *(.hfuse)
 *(.efuse)

.lock
 *(.lock*)

.signature
 *(.signature*)

.user_signatures
 *(.user_signatures*)

.stab
 *(.stab)

.stabstr
 *(.stabstr)

.stab.excl
 *(.stab.excl)

.stab.exclstr
 *(.stab.exclstr)

.stab.index
 *(.stab.index)

.stab.indexstr
 *(.stab.indexstr)

.comment        0x00000000       0x11
 *(.comment)
 .comment       0x00000000       0x11 ./arduino/HardwareSerial.o
                                 0x12 (size before relaxing)
 .comment       0x00000011       0x12 ./arduino/HardwareSerial0.o
 .comment       0x00000011       0x12 ./arduino/IPAddress.o
 .comment       0x00000011       0x12 ./arduino/Print.o
 .comment       0x00000011       0x12 ./arduino/Tone.o
 .comment       0x00000011       0x12 ./arduino/WInterrupts.o
 .comment       0x00000011       0x12 ./arduino/main.o
 .comment       0x00000011       0x12 ./arduino/wiring.o
 .comment       0x00000011       0x12 ./arduino/wiring_analog.o
 .comment       0x00000011       0x12 ./arduino/wiring_digital.o
 .comment       0x00000011       0x12 ./6b.o
 .comment       0x00000011       0x12 C:/Users/admin/eclipse-workspace/freeRTOS/Release/libfreeRTOS.a(queue.o)
 .comment       0x00000011       0x12 C:/Users/admin/eclipse-workspace/freeRTOS/Release/libfreeRTOS.a(tasks.o)
 .comment       0x00000011       0x12 C:/Users/admin/eclipse-workspace/freeRTOS/Release/libfreeRTOS.a(heap_2.o)
 .comment       0x00000011       0x12 C:/Users/admin/eclipse-workspace/freeRTOS/Release/libfreeRTOS.a(port.o)
 .comment       0x00000011       0x12 C:/Users/admin/eclipse-workspace/freeRTOS/Release/libfreeRTOS.a(list.o)

.note.gnu.avr.deviceinfo
                0x00000000       0x40
 .note.gnu.avr.deviceinfo
                0x00000000       0x40 d:/arduino/hardware/tools/avr/bin/../lib/gcc/avr/4.9.2/../../../../avr/lib/avr5/crtatmega328p.o

.note.gnu.build-id
 *(.note.gnu.build-id)

.debug
 *(.debug)

.line
 *(.line)

.debug_srcinfo
 *(.debug_srcinfo)

.debug_sfnames
 *(.debug_sfnames)

.debug_aranges
 *(.debug_aranges)

.debug_pubnames
 *(.debug_pubnames)

.debug_info     0x00000000      0x5f4
 *(.debug_info .gnu.linkonce.wi.*)
 .debug_info    0x00000000      0x5f4 d:/arduino/hardware/tools/avr/bin/../lib/gcc/avr/4.9.2/../../../../avr/lib/avr5/crtatmega328p.o

.debug_abbrev   0x00000000      0x5a2
 *(.debug_abbrev)
 .debug_abbrev  0x00000000      0x5a2 d:/arduino/hardware/tools/avr/bin/../lib/gcc/avr/4.9.2/../../../../avr/lib/avr5/crtatmega328p.o

.debug_line     0x00000000       0x1a
 *(.debug_line .debug_line.* .debug_line_end)
 .debug_line    0x00000000       0x1a d:/arduino/hardware/tools/avr/bin/../lib/gcc/avr/4.9.2/../../../../avr/lib/avr5/crtatmega328p.o

.debug_frame
 *(.debug_frame)

.debug_str      0x00000000      0x208
 *(.debug_str)
 .debug_str     0x00000000      0x208 d:/arduino/hardware/tools/avr/bin/../lib/gcc/avr/4.9.2/../../../../avr/lib/avr5/crtatmega328p.o

.debug_loc
 *(.debug_loc)

.debug_macinfo
 *(.debug_macinfo)

.debug_weaknames
 *(.debug_weaknames)

.debug_funcnames
 *(.debug_funcnames)

.debug_typenames
 *(.debug_typenames)

.debug_varnames
 *(.debug_varnames)

.debug_pubtypes
 *(.debug_pubtypes)

.debug_ranges
 *(.debug_ranges)

.debug_macro
 *(.debug_macro)
OUTPUT(Lab5.elf elf32-avr)
LOAD linker stubs

Cross Reference Table

Symbol                                            File
Serial                                            ./arduino/HardwareSerial0.o
                                                  ./6b.o
_Z10randomSeedm                                   ./arduino/WMath.o
_Z11serialEventv                                  ./arduino/HardwareSerial.o
_Z12disableTimerh                                 ./arduino/Tone.o
_Z14serialEventRunv                               ./arduino/HardwareSerial.o
                                                  ./arduino/main.o
_Z17Serial0_availablev                            ./arduino/HardwareSerial0.o
                                                  ./arduino/HardwareSerial.o
_Z3maplllll                                       ./arduino/WMath.o
_Z4tonehjm                                        ./arduino/Tone.o
_Z6noToneh                                        ./arduino/Tone.o
_Z6randoml                                        ./arduino/WMath.o
_Z6randomll                                       ./arduino/WMath.o
_Z7int0ISRv                                       ./6b.o
_Z8consumerPv                                     ./6b.o
_Z8makeWordhh                                     ./arduino/WMath.o
_Z8makeWordj                                      ./arduino/WMath.o
_Z8setupUSBv                                      ./arduino/main.o
_ZN14HardwareSerial17_tx_udr_empty_irqEv          ./arduino/HardwareSerial.o
                                                  ./arduino/HardwareSerial0.o
_ZN14HardwareSerial17availableForWriteEv          ./arduino/HardwareSerial.o
_ZN14HardwareSerial3endEv                         ./arduino/HardwareSerial.o
_ZN14HardwareSerial4peekEv                        ./arduino/HardwareSerial.o
_ZN14HardwareSerial4readEv                        ./arduino/HardwareSerial.o
_ZN14HardwareSerial5beginEmh                      ./arduino/HardwareSerial.o
                                                  ./6b.o
_ZN14HardwareSerial5flushEv                       ./arduino/HardwareSerial.o
_ZN14HardwareSerial5writeEh                       ./arduino/HardwareSerial.o
_ZN14HardwareSerial9availableEv                   ./arduino/HardwareSerial.o
                                                  ./arduino/HardwareSerial0.o
_ZN5Print10printFloatEdh                          ./arduino/Print.o
_ZN5Print11printNumberEmh                         ./arduino/Print.o
_ZN5Print17availableForWriteEv                    ./arduino/HardwareSerial0.o
                                                  ./arduino/Print.o
_ZN5Print5flushEv                                 ./arduino/HardwareSerial0.o
                                                  ./arduino/Print.o
_ZN5Print5printEPK19__FlashStringHelper           ./arduino/Print.o
_ZN5Print5printEPKc                               ./arduino/Print.o
_ZN5Print5printERK6String                         ./arduino/Print.o
_ZN5Print5printERK9Printable                      ./arduino/Print.o
_ZN5Print5printEc                                 ./arduino/Print.o
                                                  ./arduino/IPAddress.o
_ZN5Print5printEdi                                ./arduino/Print.o
_ZN5Print5printEhi                                ./arduino/Print.o
                                                  ./arduino/IPAddress.o
_ZN5Print5printEii                                ./arduino/Print.o
_ZN5Print5printEji                                ./arduino/Print.o
_ZN5Print5printEli                                ./arduino/Print.o
_ZN5Print5printEmi                                ./arduino/Print.o
_ZN5Print5writeEPKc                               ./arduino/Print.o
_ZN5Print5writeEPKhj                              ./arduino/Print.o
                                                  ./arduino/HardwareSerial.o
_ZN5Print7printlnEPK19__FlashStringHelper         ./arduino/Print.o
_ZN5Print7printlnEPKc                             ./arduino/Print.o
                                                  ./6b.o
_ZN5Print7printlnERK6String                       ./arduino/Print.o
_ZN5Print7printlnERK9Printable                    ./arduino/Print.o
_ZN5Print7printlnEc                               ./arduino/Print.o
_ZN5Print7printlnEdi                              ./arduino/Print.o
_ZN5Print7printlnEhi                              ./arduino/Print.o
_ZN5Print7printlnEii                              ./arduino/Print.o
                                                  ./6b.o
_ZN5Print7printlnEji                              ./arduino/Print.o
_ZN5Print7printlnEli                              ./arduino/Print.o
_ZN5Print7printlnEmi                              ./arduino/Print.o
_ZN5Print7printlnEv                               ./arduino/Print.o
_ZN6Stream10parseFloatE13LookaheadModec           ./arduino/Stream.o
_ZN6Stream10readStringEv                          ./arduino/Stream.o
_ZN6Stream10setTimeoutEm                          ./arduino/Stream.o
_ZN6Stream13peekNextDigitE13LookaheadModeb        ./arduino/Stream.o
_ZN6Stream14readBytesUntilEcPcj                   ./arduino/Stream.o
_ZN6Stream15readStringUntilEc                     ./arduino/Stream.o
_ZN6Stream4findEPc                                ./arduino/Stream.o
_ZN6Stream4findEPcj                               ./arduino/Stream.o
_ZN6Stream8parseIntE13LookaheadModec              ./arduino/Stream.o
_ZN6Stream9findMultiEPNS_11MultiTargetEi          ./arduino/Stream.o
_ZN6Stream9findUntilEPcS0_                        ./arduino/Stream.o
_ZN6Stream9findUntilEPcjS0_j                      ./arduino/Stream.o
_ZN6Stream9readBytesEPcj                          ./arduino/Stream.o
_ZN6Stream9timedPeekEv                            ./arduino/Stream.o
_ZN6Stream9timedReadEv                            ./arduino/Stream.o
_ZN6String10invalidateEv                          ./arduino/WString.o
_ZN6String11toLowerCaseEv                         ./arduino/WString.o
_ZN6String11toUpperCaseEv                         ./arduino/WString.o
_ZN6String12changeBufferEj                        ./arduino/WString.o
_ZN6String4copyEPK19__FlashStringHelperj          ./arduino/WString.o
_ZN6String4copyEPKcj                              ./arduino/WString.o
_ZN6String4trimEv                                 ./arduino/WString.o
_ZN6String6concatEPK19__FlashStringHelper         ./arduino/WString.o
_ZN6String6concatEPKc                             ./arduino/WString.o
_ZN6String6concatEPKcj                            ./arduino/WString.o
_ZN6String6concatERKS_                            ./arduino/WString.o
_ZN6String6concatEc                               ./arduino/WString.o
                                                  ./arduino/Stream.o
_ZN6String6concatEd                               ./arduino/WString.o
_ZN6String6concatEf                               ./arduino/WString.o
_ZN6String6concatEh                               ./arduino/WString.o
_ZN6String6concatEi                               ./arduino/WString.o
_ZN6String6concatEj                               ./arduino/WString.o
_ZN6String6concatEl                               ./arduino/WString.o
_ZN6String6concatEm                               ./arduino/WString.o
_ZN6String6removeEj                               ./arduino/WString.o
_ZN6String6removeEjj                              ./arduino/WString.o
_ZN6String7replaceERKS_S1_                        ./arduino/WString.o
_ZN6String7replaceEcc                             ./arduino/WString.o
_ZN6String7reserveEj                              ./arduino/WString.o
_ZN6String9setCharAtEjc                           ./arduino/WString.o
_ZN6StringC1EPK19__FlashStringHelper              ./arduino/WString.o
_ZN6StringC1EPKc                                  ./arduino/WString.o
                                                  ./arduino/Stream.o
_ZN6StringC1ERKS_                                 ./arduino/WString.o
_ZN6StringC1Ec                                    ./arduino/WString.o
_ZN6StringC1Edh                                   ./arduino/WString.o
_ZN6StringC1Efh                                   ./arduino/WString.o
_ZN6StringC1Ehh                                   ./arduino/WString.o
_ZN6StringC1Eih                                   ./arduino/WString.o
_ZN6StringC1Ejh                                   ./arduino/WString.o
_ZN6StringC1Elh                                   ./arduino/WString.o
_ZN6StringC1Emh                                   ./arduino/WString.o
_ZN6StringC2EPK19__FlashStringHelper              ./arduino/WString.o
_ZN6StringC2EPKc                                  ./arduino/WString.o
_ZN6StringC2ERKS_                                 ./arduino/WString.o
_ZN6StringC2Ec                                    ./arduino/WString.o
_ZN6StringC2Edh                                   ./arduino/WString.o
_ZN6StringC2Efh                                   ./arduino/WString.o
_ZN6StringC2Ehh                                   ./arduino/WString.o
_ZN6StringC2Eih                                   ./arduino/WString.o
_ZN6StringC2Ejh                                   ./arduino/WString.o
_ZN6StringC2Elh                                   ./arduino/WString.o
_ZN6StringC2Emh                                   ./arduino/WString.o
_ZN6StringD1Ev                                    ./arduino/WString.o
_ZN6StringD2Ev                                    ./arduino/WString.o
_ZN6StringaSEPK19__FlashStringHelper              ./arduino/WString.o
_ZN6StringaSEPKc                                  ./arduino/WString.o
_ZN6StringaSERKS_                                 ./arduino/WString.o
_ZN6StringixEj                                    ./arduino/WString.o
_ZN9IPAddress10fromStringEPKc                     ./arduino/IPAddress.o
_ZN9IPAddressC1EPKh                               ./arduino/IPAddress.o
_ZN9IPAddressC1Ehhhh                              ./arduino/IPAddress.o
_ZN9IPAddressC1Em                                 ./arduino/IPAddress.o
_ZN9IPAddressC1Ev                                 ./arduino/IPAddress.o
_ZN9IPAddressC2EPKh                               ./arduino/IPAddress.o
_ZN9IPAddressC2Ehhhh                              ./arduino/IPAddress.o
_ZN9IPAddressC2Em                                 ./arduino/IPAddress.o
_ZN9IPAddressC2Ev                                 ./arduino/IPAddress.o
_ZN9IPAddressaSEPKh                               ./arduino/IPAddress.o
_ZN9IPAddressaSEm                                 ./arduino/IPAddress.o
_ZNK6String10startsWithERKS_                      ./arduino/WString.o
_ZNK6String10startsWithERKS_j                     ./arduino/WString.o
_ZNK6String11lastIndexOfERKS_                     ./arduino/WString.o
_ZNK6String11lastIndexOfERKS_j                    ./arduino/WString.o
_ZNK6String11lastIndexOfEc                        ./arduino/WString.o
_ZNK6String11lastIndexOfEcj                       ./arduino/WString.o
_ZNK6String16equalsIgnoreCaseERKS_                ./arduino/WString.o
_ZNK6String5toIntEv                               ./arduino/WString.o
_ZNK6String6charAtEj                              ./arduino/WString.o
_ZNK6String6equalsEPKc                            ./arduino/WString.o
_ZNK6String6equalsERKS_                           ./arduino/WString.o
_ZNK6String7indexOfERKS_                          ./arduino/WString.o
_ZNK6String7indexOfERKS_j                         ./arduino/WString.o
_ZNK6String7indexOfEc                             ./arduino/WString.o
_ZNK6String7indexOfEcj                            ./arduino/WString.o
_ZNK6String7toFloatEv                             ./arduino/WString.o
_ZNK6String8endsWithERKS_                         ./arduino/WString.o
_ZNK6String8getBytesEPhjj                         ./arduino/WString.o
_ZNK6String8toDoubleEv                            ./arduino/WString.o
_ZNK6String9compareToERKS_                        ./arduino/WString.o
_ZNK6String9substringEjj                          ./arduino/WString.o
_ZNK6StringgeERKS_                                ./arduino/WString.o
_ZNK6StringgtERKS_                                ./arduino/WString.o
_ZNK6StringixEj                                   ./arduino/WString.o
_ZNK6StringleERKS_                                ./arduino/WString.o
_ZNK6StringltERKS_                                ./arduino/WString.o
_ZNK9IPAddress7printToER5Print                    ./arduino/IPAddress.o
_ZNK9IPAddresseqEPKh                              ./arduino/IPAddress.o
_ZTV14HardwareSerial                              ./arduino/HardwareSerial.o
                                                  ./arduino/HardwareSerial0.o
_ZTV5Print                                        ./arduino/Print.o
_ZTV9IPAddress                                    ./arduino/IPAddress.o
_ZdaPv                                            ./arduino/new.o
_ZdlPv                                            ./arduino/new.o
_Znaj                                             ./arduino/new.o
_Znwj                                             ./arduino/new.o
_ZplRK15StringSumHelperPK19__FlashStringHelper    ./arduino/WString.o
_ZplRK15StringSumHelperPKc                        ./arduino/WString.o
_ZplRK15StringSumHelperRK6String                  ./arduino/WString.o
_ZplRK15StringSumHelperc                          ./arduino/WString.o
_ZplRK15StringSumHelperd                          ./arduino/WString.o
_ZplRK15StringSumHelperf                          ./arduino/WString.o
_ZplRK15StringSumHelperh                          ./arduino/WString.o
_ZplRK15StringSumHelperi                          ./arduino/WString.o
_ZplRK15StringSumHelperj                          ./arduino/WString.o
_ZplRK15StringSumHelperl                          ./arduino/WString.o
_ZplRK15StringSumHelperm                          ./arduino/WString.o
__FUSE_REGION_LENGTH__                            d:/arduino/hardware/tools/avr/bin/../lib/gcc/avr/4.9.2/../../../../avr/lib/avr5/crtatmega328p.o
__addsf3                                          d:/arduino/hardware/tools/avr/bin/../lib/gcc/avr/4.9.2/../../../../avr/lib/avr5\libm.a(addsf3.o)
                                                  ./arduino/Print.o
__addsf3x                                         d:/arduino/hardware/tools/avr/bin/../lib/gcc/avr/4.9.2/../../../../avr/lib/avr5\libm.a(addsf3x.o)
                                                  d:/arduino/hardware/tools/avr/bin/../lib/gcc/avr/4.9.2/../../../../avr/lib/avr5\libm.a(addsf3.o)
__bad_interrupt                                   d:/arduino/hardware/tools/avr/bin/../lib/gcc/avr/4.9.2/../../../../avr/lib/avr5/crtatmega328p.o
__brkval                                          d:/arduino/hardware/tools/avr/bin/../lib/gcc/avr/4.9.2/../../../../avr/lib/avr5\libc.a(malloc.o)
                                                  d:/arduino/hardware/tools/avr/bin/../lib/gcc/avr/4.9.2/../../../../avr/lib/avr5\libc.a(realloc.o)
__bss_end                                         d:/arduino/hardware/tools/avr/bin/../lib/gcc/avr/4.9.2/avr5\libgcc.a(_clear_bss.o)
__bss_start                                       d:/arduino/hardware/tools/avr/bin/../lib/gcc/avr/4.9.2/avr5\libgcc.a(_clear_bss.o)
__cmpsf2                                          d:/arduino/hardware/tools/avr/bin/../lib/gcc/avr/4.9.2/../../../../avr/lib/avr5\libm.a(cmpsf2.o)
__ctors_end                                       d:/arduino/hardware/tools/avr/bin/../lib/gcc/avr/4.9.2/avr5\libgcc.a(_ctors.o)
__ctors_start                                     d:/arduino/hardware/tools/avr/bin/../lib/gcc/avr/4.9.2/avr5\libgcc.a(_ctors.o)
__ctype_isfalse                                   d:/arduino/hardware/tools/avr/bin/../lib/gcc/avr/4.9.2/../../../../avr/lib/avr5\libc.a(cty_isfalse.o)
                                                  d:/arduino/hardware/tools/avr/bin/../lib/gcc/avr/4.9.2/../../../../avr/lib/avr5\libc.a(isspace.o)
__ctype_istrue                                    d:/arduino/hardware/tools/avr/bin/../lib/gcc/avr/4.9.2/../../../../avr/lib/avr5\libc.a(cty_isfalse.o)
__cxa_deleted_virtual                             ./arduino/abi.o
__cxa_pure_virtual                                ./arduino/abi.o
                                                  ./arduino/Print.o
__data_end                                        d:/arduino/hardware/tools/avr/bin/../lib/gcc/avr/4.9.2/avr5\libgcc.a(_copy_data.o)
__data_load_start                                 d:/arduino/hardware/tools/avr/bin/../lib/gcc/avr/4.9.2/avr5\libgcc.a(_copy_data.o)
__data_start                                      d:/arduino/hardware/tools/avr/bin/../lib/gcc/avr/4.9.2/avr5\libgcc.a(_copy_data.o)
__divmodsi4                                       d:/arduino/hardware/tools/avr/bin/../lib/gcc/avr/4.9.2/avr5\libgcc.a(_divmodsi4.o)
                                                  d:/arduino/hardware/tools/avr/bin/../lib/gcc/avr/4.9.2/../../../../avr/lib/avr5\libc.a(random.o)
                                                  ./arduino/WMath.o
__divsf3                                          d:/arduino/hardware/tools/avr/bin/../lib/gcc/avr/4.9.2/../../../../avr/lib/avr5\libm.a(divsf3.o)
                                                  ./arduino/Print.o
__divsf3_pse                                      d:/arduino/hardware/tools/avr/bin/../lib/gcc/avr/4.9.2/../../../../avr/lib/avr5\libm.a(divsf3x.o)
__divsf3x                                         d:/arduino/hardware/tools/avr/bin/../lib/gcc/avr/4.9.2/../../../../avr/lib/avr5\libm.a(divsf3x.o)
                                                  d:/arduino/hardware/tools/avr/bin/../lib/gcc/avr/4.9.2/../../../../avr/lib/avr5\libm.a(divsf3.o)
__do_clear_bss                                    d:/arduino/hardware/tools/avr/bin/../lib/gcc/avr/4.9.2/avr5\libgcc.a(_clear_bss.o)
                                                  d:/arduino/hardware/tools/avr/bin/../lib/gcc/avr/4.9.2/../../../../avr/lib/avr5\libc.a(errno.o)
                                                  d:/arduino/hardware/tools/avr/bin/../lib/gcc/avr/4.9.2/../../../../avr/lib/avr5\libc.a(malloc.o)
                                                  C:/Users/admin/eclipse-workspace/freeRTOS/Release/libfreeRTOS.a(heap_2.o)
                                                  C:/Users/admin/eclipse-workspace/freeRTOS/Release/libfreeRTOS.a(tasks.o)
                                                  ./6b.o
                                                  ./arduino/wiring.o
                                                  ./arduino/WString.o
                                                  ./arduino/Tone.o
                                                  ./arduino/IPAddress.o
                                                  ./arduino/HardwareSerial0.o
__do_copy_data                                    d:/arduino/hardware/tools/avr/bin/../lib/gcc/avr/4.9.2/avr5\libgcc.a(_copy_data.o)
                                                  d:/arduino/hardware/tools/avr/bin/../lib/gcc/avr/4.9.2/../../../../avr/lib/avr5\libc.a(random.o)
                                                  d:/arduino/hardware/tools/avr/bin/../lib/gcc/avr/4.9.2/../../../../avr/lib/avr5\libc.a(malloc.o)
                                                  C:/Users/admin/eclipse-workspace/freeRTOS/Release/libfreeRTOS.a(heap_2.o)
                                                  C:/Users/admin/eclipse-workspace/freeRTOS/Release/libfreeRTOS.a(tasks.o)
                                                  ./6b.o
                                                  ./arduino/wiring_analog.o
                                                  ./arduino/WString.o
                                                  ./arduino/WInterrupts.o
                                                  ./arduino/Tone.o
                                                  ./arduino/Stream.o
                                                  ./arduino/Print.o
                                                  ./arduino/IPAddress.o
                                                  ./arduino/HardwareSerial.o
__do_global_ctors                                 d:/arduino/hardware/tools/avr/bin/../lib/gcc/avr/4.9.2/avr5\libgcc.a(_ctors.o)
                                                  ./arduino/IPAddress.o
                                                  ./arduino/HardwareSerial0.o
__epilogue_restores__                             d:/arduino/hardware/tools/avr/bin/../lib/gcc/avr/4.9.2/avr5\libgcc.a(_epilogue.o)
                                                  d:/arduino/hardware/tools/avr/bin/../lib/gcc/avr/4.9.2/../../../../avr/lib/avr5\libc.a(strtod.o)
                                                  d:/arduino/hardware/tools/avr/bin/../lib/gcc/avr/4.9.2/../../../../avr/lib/avr5\libc.a(realloc.o)
__eqsf2                                           d:/arduino/hardware/tools/avr/bin/../lib/gcc/avr/4.9.2/../../../../avr/lib/avr5\libm.a(cmpsf2.o)
                                                  d:/arduino/hardware/tools/avr/bin/../lib/gcc/avr/4.9.2/../../../../avr/lib/avr5\libc.a(strtod.o)
__fixunssfsi                                      d:/arduino/hardware/tools/avr/bin/../lib/gcc/avr/4.9.2/../../../../avr/lib/avr5\libm.a(fixunssfsi.o)
                                                  ./arduino/Print.o
__floatsisf                                       d:/arduino/hardware/tools/avr/bin/../lib/gcc/avr/4.9.2/../../../../avr/lib/avr5\libm.a(floatsisf.o)
                                                  ./arduino/Stream.o
__floatunsisf                                     d:/arduino/hardware/tools/avr/bin/../lib/gcc/avr/4.9.2/../../../../avr/lib/avr5\libm.a(floatsisf.o)
                                                  d:/arduino/hardware/tools/avr/bin/../lib/gcc/avr/4.9.2/../../../../avr/lib/avr5\libc.a(strtod.o)
                                                  ./arduino/Print.o
__flp                                             d:/arduino/hardware/tools/avr/bin/../lib/gcc/avr/4.9.2/../../../../avr/lib/avr5\libc.a(malloc.o)
                                                  d:/arduino/hardware/tools/avr/bin/../lib/gcc/avr/4.9.2/../../../../avr/lib/avr5\libc.a(realloc.o)
__fp_cmp                                          d:/arduino/hardware/tools/avr/bin/../lib/gcc/avr/4.9.2/../../../../avr/lib/avr5\libm.a(fp_cmp.o)
                                                  d:/arduino/hardware/tools/avr/bin/../lib/gcc/avr/4.9.2/../../../../avr/lib/avr5\libm.a(unordsf2.o)
                                                  d:/arduino/hardware/tools/avr/bin/../lib/gcc/avr/4.9.2/../../../../avr/lib/avr5\libm.a(gesf2.o)
                                                  d:/arduino/hardware/tools/avr/bin/../lib/gcc/avr/4.9.2/../../../../avr/lib/avr5\libm.a(cmpsf2.o)
__fp_inf                                          d:/arduino/hardware/tools/avr/bin/../lib/gcc/avr/4.9.2/../../../../avr/lib/avr5\libm.a(fp_inf.o)
                                                  d:/arduino/hardware/tools/avr/bin/../lib/gcc/avr/4.9.2/../../../../avr/lib/avr5\libm.a(mulsf3x.o)
                                                  d:/arduino/hardware/tools/avr/bin/../lib/gcc/avr/4.9.2/../../../../avr/lib/avr5\libm.a(divsf3x.o)
                                                  d:/arduino/hardware/tools/avr/bin/../lib/gcc/avr/4.9.2/../../../../avr/lib/avr5\libm.a(addsf3x.o)
__fp_nan                                          d:/arduino/hardware/tools/avr/bin/../lib/gcc/avr/4.9.2/../../../../avr/lib/avr5\libm.a(fp_nan.o)
                                                  d:/arduino/hardware/tools/avr/bin/../lib/gcc/avr/4.9.2/../../../../avr/lib/avr5\libm.a(mulsf3x.o)
                                                  d:/arduino/hardware/tools/avr/bin/../lib/gcc/avr/4.9.2/../../../../avr/lib/avr5\libm.a(divsf3x.o)
                                                  d:/arduino/hardware/tools/avr/bin/../lib/gcc/avr/4.9.2/../../../../avr/lib/avr5\libm.a(addsf3x.o)
__fp_pscA                                         d:/arduino/hardware/tools/avr/bin/../lib/gcc/avr/4.9.2/../../../../avr/lib/avr5\libm.a(fp_pscA.o)
                                                  d:/arduino/hardware/tools/avr/bin/../lib/gcc/avr/4.9.2/../../../../avr/lib/avr5\libm.a(mulsf3x.o)
                                                  d:/arduino/hardware/tools/avr/bin/../lib/gcc/avr/4.9.2/../../../../avr/lib/avr5\libm.a(divsf3x.o)
                                                  d:/arduino/hardware/tools/avr/bin/../lib/gcc/avr/4.9.2/../../../../avr/lib/avr5\libm.a(addsf3x.o)
__fp_pscB                                         d:/arduino/hardware/tools/avr/bin/../lib/gcc/avr/4.9.2/../../../../avr/lib/avr5\libm.a(fp_pscB.o)
                                                  d:/arduino/hardware/tools/avr/bin/../lib/gcc/avr/4.9.2/../../../../avr/lib/avr5\libm.a(mulsf3x.o)
                                                  d:/arduino/hardware/tools/avr/bin/../lib/gcc/avr/4.9.2/../../../../avr/lib/avr5\libm.a(divsf3x.o)
                                                  d:/arduino/hardware/tools/avr/bin/../lib/gcc/avr/4.9.2/../../../../avr/lib/avr5\libm.a(addsf3x.o)
__fp_round                                        d:/arduino/hardware/tools/avr/bin/../lib/gcc/avr/4.9.2/../../../../avr/lib/avr5\libm.a(fp_round.o)
                                                  d:/arduino/hardware/tools/avr/bin/../lib/gcc/avr/4.9.2/../../../../avr/lib/avr5\libm.a(mulsf3.o)
                                                  d:/arduino/hardware/tools/avr/bin/../lib/gcc/avr/4.9.2/../../../../avr/lib/avr5\libm.a(divsf3.o)
                                                  d:/arduino/hardware/tools/avr/bin/../lib/gcc/avr/4.9.2/../../../../avr/lib/avr5\libm.a(addsf3.o)
__fp_split3                                       d:/arduino/hardware/tools/avr/bin/../lib/gcc/avr/4.9.2/../../../../avr/lib/avr5\libm.a(fp_split3.o)
                                                  d:/arduino/hardware/tools/avr/bin/../lib/gcc/avr/4.9.2/../../../../avr/lib/avr5\libm.a(mulsf3x.o)
                                                  d:/arduino/hardware/tools/avr/bin/../lib/gcc/avr/4.9.2/../../../../avr/lib/avr5\libm.a(divsf3x.o)
                                                  d:/arduino/hardware/tools/avr/bin/../lib/gcc/avr/4.9.2/../../../../avr/lib/avr5\libm.a(addsf3x.o)
__fp_splitA                                       d:/arduino/hardware/tools/avr/bin/../lib/gcc/avr/4.9.2/../../../../avr/lib/avr5\libm.a(fp_split3.o)
                                                  d:/arduino/hardware/tools/avr/bin/../lib/gcc/avr/4.9.2/../../../../avr/lib/avr5\libm.a(fixunssfsi.o)
__fp_szero                                        d:/arduino/hardware/tools/avr/bin/../lib/gcc/avr/4.9.2/../../../../avr/lib/avr5\libm.a(fp_zero.o)
                                                  d:/arduino/hardware/tools/avr/bin/../lib/gcc/avr/4.9.2/../../../../avr/lib/avr5\libm.a(mulsf3x.o)
                                                  d:/arduino/hardware/tools/avr/bin/../lib/gcc/avr/4.9.2/../../../../avr/lib/avr5\libm.a(divsf3x.o)
__fp_zero                                         d:/arduino/hardware/tools/avr/bin/../lib/gcc/avr/4.9.2/../../../../avr/lib/avr5\libm.a(fp_zero.o)
                                                  d:/arduino/hardware/tools/avr/bin/../lib/gcc/avr/4.9.2/../../../../avr/lib/avr5\libm.a(fixunssfsi.o)
                                                  d:/arduino/hardware/tools/avr/bin/../lib/gcc/avr/4.9.2/../../../../avr/lib/avr5\libm.a(addsf3x.o)
__ftoa_engine                                     d:/arduino/hardware/tools/avr/bin/../lib/gcc/avr/4.9.2/../../../../avr/lib/avr5\libc.a(ftoa_engine.o)
                                                  d:/arduino/hardware/tools/avr/bin/../lib/gcc/avr/4.9.2/../../../../avr/lib/avr5\libc.a(dtoa_prf.o)
__gesf2                                           d:/arduino/hardware/tools/avr/bin/../lib/gcc/avr/4.9.2/../../../../avr/lib/avr5\libm.a(gesf2.o)
__gtsf2                                           d:/arduino/hardware/tools/avr/bin/../lib/gcc/avr/4.9.2/../../../../avr/lib/avr5\libm.a(gesf2.o)
                                                  ./arduino/Print.o
__heap_end                                        d:/arduino/hardware/tools/avr/bin/../lib/gcc/avr/4.9.2/../../../../avr/lib/avr5/crtatmega328p.o
                                                  d:/arduino/hardware/tools/avr/bin/../lib/gcc/avr/4.9.2/../../../../avr/lib/avr5\libc.a(malloc.o)
__heap_start                                      d:/arduino/hardware/tools/avr/bin/../lib/gcc/avr/4.9.2/../../../../avr/lib/avr5\libc.a(malloc.o)
__init                                            d:/arduino/hardware/tools/avr/bin/../lib/gcc/avr/4.9.2/../../../../avr/lib/avr5/crtatmega328p.o
__itoa                                            d:/arduino/hardware/tools/avr/bin/../lib/gcc/avr/4.9.2/../../../../avr/lib/avr5\libc.a(itoa.o)
                                                  ./arduino/WString.o
__itoa_ncheck                                     d:/arduino/hardware/tools/avr/bin/../lib/gcc/avr/4.9.2/../../../../avr/lib/avr5\libc.a(itoa_ncheck.o)
                                                  d:/arduino/hardware/tools/avr/bin/../lib/gcc/avr/4.9.2/../../../../avr/lib/avr5\libc.a(itoa.o)
__lesf2                                           d:/arduino/hardware/tools/avr/bin/../lib/gcc/avr/4.9.2/../../../../avr/lib/avr5\libm.a(cmpsf2.o)
                                                  ./arduino/Print.o
__ltoa                                            d:/arduino/hardware/tools/avr/bin/../lib/gcc/avr/4.9.2/../../../../avr/lib/avr5\libc.a(ltoa.o)
                                                  ./arduino/WString.o
__ltoa_ncheck                                     d:/arduino/hardware/tools/avr/bin/../lib/gcc/avr/4.9.2/../../../../avr/lib/avr5\libc.a(ltoa_ncheck.o)
                                                  d:/arduino/hardware/tools/avr/bin/../lib/gcc/avr/4.9.2/../../../../avr/lib/avr5\libc.a(ltoa.o)
__ltsf2                                           d:/arduino/hardware/tools/avr/bin/../lib/gcc/avr/4.9.2/../../../../avr/lib/avr5\libm.a(cmpsf2.o)
                                                  ./arduino/Print.o
__malloc_heap_end                                 d:/arduino/hardware/tools/avr/bin/../lib/gcc/avr/4.9.2/../../../../avr/lib/avr5\libc.a(malloc.o)
                                                  d:/arduino/hardware/tools/avr/bin/../lib/gcc/avr/4.9.2/../../../../avr/lib/avr5\libc.a(realloc.o)
__malloc_heap_start                               d:/arduino/hardware/tools/avr/bin/../lib/gcc/avr/4.9.2/../../../../avr/lib/avr5\libc.a(malloc.o)
__malloc_margin                                   d:/arduino/hardware/tools/avr/bin/../lib/gcc/avr/4.9.2/../../../../avr/lib/avr5\libc.a(malloc.o)
                                                  d:/arduino/hardware/tools/avr/bin/../lib/gcc/avr/4.9.2/../../../../avr/lib/avr5\libc.a(realloc.o)
__mulohisi3                                       d:/arduino/hardware/tools/avr/bin/../lib/gcc/avr/4.9.2/avr5\libgcc.a(_mulshisi3.o)
                                                  d:/arduino/hardware/tools/avr/bin/../lib/gcc/avr/4.9.2/../../../../avr/lib/avr5\libc.a(random.o)
__mulsf3                                          d:/arduino/hardware/tools/avr/bin/../lib/gcc/avr/4.9.2/../../../../avr/lib/avr5\libm.a(mulsf3.o)
                                                  d:/arduino/hardware/tools/avr/bin/../lib/gcc/avr/4.9.2/../../../../avr/lib/avr5\libc.a(strtod.o)
                                                  ./arduino/Stream.o
                                                  ./arduino/Print.o
__mulsf3_pse                                      d:/arduino/hardware/tools/avr/bin/../lib/gcc/avr/4.9.2/../../../../avr/lib/avr5\libm.a(mulsf3x.o)
__mulsf3x                                         d:/arduino/hardware/tools/avr/bin/../lib/gcc/avr/4.9.2/../../../../avr/lib/avr5\libm.a(mulsf3x.o)
                                                  d:/arduino/hardware/tools/avr/bin/../lib/gcc/avr/4.9.2/../../../../avr/lib/avr5\libm.a(mulsf3.o)
__mulshisi3                                       d:/arduino/hardware/tools/avr/bin/../lib/gcc/avr/4.9.2/avr5\libgcc.a(_mulshisi3.o)
__mulsi3                                          d:/arduino/hardware/tools/avr/bin/../lib/gcc/avr/4.9.2/avr5\libgcc.a(_mulsi3.o)
                                                  ./arduino/WMath.o
__mulsi_const_10                                  d:/arduino/hardware/tools/avr/bin/../lib/gcc/avr/4.9.2/../../../../avr/lib/avr5\libc.a(mulsi10.o)
                                                  d:/arduino/hardware/tools/avr/bin/../lib/gcc/avr/4.9.2/../../../../avr/lib/avr5\libc.a(atol.o)
__muluhisi3                                       d:/arduino/hardware/tools/avr/bin/../lib/gcc/avr/4.9.2/avr5\libgcc.a(_muluhisi3.o)
                                                  d:/arduino/hardware/tools/avr/bin/../lib/gcc/avr/4.9.2/avr5\libgcc.a(_mulshisi3.o)
                                                  d:/arduino/hardware/tools/avr/bin/../lib/gcc/avr/4.9.2/../../../../avr/lib/avr5\libc.a(strtod.o)
                                                  d:/arduino/hardware/tools/avr/bin/../lib/gcc/avr/4.9.2/../../../../avr/lib/avr5\libc.a(random.o)
                                                  d:/arduino/hardware/tools/avr/bin/../lib/gcc/avr/4.9.2/avr5\libgcc.a(_mulsi3.o)
                                                  ./arduino/Tone.o
                                                  ./arduino/Stream.o
__negsi2                                          d:/arduino/hardware/tools/avr/bin/../lib/gcc/avr/4.9.2/avr5\libgcc.a(_negsi2.o)
                                                  d:/arduino/hardware/tools/avr/bin/../lib/gcc/avr/4.9.2/avr5\libgcc.a(_divmodsi4.o)
__nesf2                                           d:/arduino/hardware/tools/avr/bin/../lib/gcc/avr/4.9.2/../../../../avr/lib/avr5\libm.a(cmpsf2.o)
                                                  d:/arduino/hardware/tools/avr/bin/../lib/gcc/avr/4.9.2/../../../../avr/lib/avr5\libc.a(strtod.o)
__prologue_saves__                                d:/arduino/hardware/tools/avr/bin/../lib/gcc/avr/4.9.2/avr5\libgcc.a(_prologue.o)
                                                  d:/arduino/hardware/tools/avr/bin/../lib/gcc/avr/4.9.2/../../../../avr/lib/avr5\libc.a(strtod.o)
                                                  d:/arduino/hardware/tools/avr/bin/../lib/gcc/avr/4.9.2/../../../../avr/lib/avr5\libc.a(realloc.o)
__stack                                           d:/arduino/hardware/tools/avr/bin/../lib/gcc/avr/4.9.2/../../../../avr/lib/avr5/crtatmega328p.o
__strlen_P                                        d:/arduino/hardware/tools/avr/bin/../lib/gcc/avr/4.9.2/../../../../avr/lib/avr5\libc.a(strlen_P.o)
                                                  ./arduino/WString.o
__subsf3                                          d:/arduino/hardware/tools/avr/bin/../lib/gcc/avr/4.9.2/../../../../avr/lib/avr5\libm.a(addsf3.o)
                                                  ./arduino/Print.o
__tablejump2__                                    d:/arduino/hardware/tools/avr/bin/../lib/gcc/avr/4.9.2/avr5\libgcc.a(_tablejump2.o)
                                                  d:/arduino/hardware/tools/avr/bin/../lib/gcc/avr/4.9.2/avr5\libgcc.a(_ctors.o)
__udivmodsi4                                      d:/arduino/hardware/tools/avr/bin/../lib/gcc/avr/4.9.2/avr5\libgcc.a(_udivmodsi4.o)
                                                  d:/arduino/hardware/tools/avr/bin/../lib/gcc/avr/4.9.2/avr5\libgcc.a(_divmodsi4.o)
                                                  ./arduino/Tone.o
                                                  ./arduino/Print.o
                                                  ./arduino/HardwareSerial.o
__ultoa                                           d:/arduino/hardware/tools/avr/bin/../lib/gcc/avr/4.9.2/../../../../avr/lib/avr5\libc.a(ultoa.o)
                                                  ./arduino/WString.o
__ultoa_common                                    d:/arduino/hardware/tools/avr/bin/../lib/gcc/avr/4.9.2/../../../../avr/lib/avr5\libc.a(ultoa_ncheck.o)
                                                  d:/arduino/hardware/tools/avr/bin/../lib/gcc/avr/4.9.2/../../../../avr/lib/avr5\libc.a(ltoa_ncheck.o)
__ultoa_ncheck                                    d:/arduino/hardware/tools/avr/bin/../lib/gcc/avr/4.9.2/../../../../avr/lib/avr5\libc.a(ultoa_ncheck.o)
                                                  d:/arduino/hardware/tools/avr/bin/../lib/gcc/avr/4.9.2/../../../../avr/lib/avr5\libc.a(ultoa.o)
__umulhisi3                                       d:/arduino/hardware/tools/avr/bin/../lib/gcc/avr/4.9.2/avr5\libgcc.a(_umulhisi3.o)
                                                  d:/arduino/hardware/tools/avr/bin/../lib/gcc/avr/4.9.2/avr5\libgcc.a(_muluhisi3.o)
__unordsf2                                        d:/arduino/hardware/tools/avr/bin/../lib/gcc/avr/4.9.2/../../../../avr/lib/avr5\libm.a(unordsf2.o)
                                                  ./arduino/Print.o
__utoa                                            d:/arduino/hardware/tools/avr/bin/../lib/gcc/avr/4.9.2/../../../../avr/lib/avr5\libc.a(utoa.o)
                                                  ./arduino/WString.o
__utoa_common                                     d:/arduino/hardware/tools/avr/bin/../lib/gcc/avr/4.9.2/../../../../avr/lib/avr5\libc.a(utoa_ncheck.o)
                                                  d:/arduino/hardware/tools/avr/bin/../lib/gcc/avr/4.9.2/../../../../avr/lib/avr5\libc.a(itoa_ncheck.o)
__utoa_ncheck                                     d:/arduino/hardware/tools/avr/bin/../lib/gcc/avr/4.9.2/../../../../avr/lib/avr5\libc.a(utoa_ncheck.o)
                                                  d:/arduino/hardware/tools/avr/bin/../lib/gcc/avr/4.9.2/../../../../avr/lib/avr5\libc.a(utoa.o)
__vector_1                                        ./arduino/WInterrupts.o
                                                  d:/arduino/hardware/tools/avr/bin/../lib/gcc/avr/4.9.2/../../../../avr/lib/avr5/crtatmega328p.o
__vector_10                                       d:/arduino/hardware/tools/avr/bin/../lib/gcc/avr/4.9.2/../../../../avr/lib/avr5/crtatmega328p.o
__vector_11                                       C:/Users/admin/eclipse-workspace/freeRTOS/Release/libfreeRTOS.a(port.o)
                                                  d:/arduino/hardware/tools/avr/bin/../lib/gcc/avr/4.9.2/../../../../avr/lib/avr5/crtatmega328p.o
__vector_12                                       d:/arduino/hardware/tools/avr/bin/../lib/gcc/avr/4.9.2/../../../../avr/lib/avr5/crtatmega328p.o
__vector_13                                       d:/arduino/hardware/tools/avr/bin/../lib/gcc/avr/4.9.2/../../../../avr/lib/avr5/crtatmega328p.o
__vector_14                                       d:/arduino/hardware/tools/avr/bin/../lib/gcc/avr/4.9.2/../../../../avr/lib/avr5/crtatmega328p.o
__vector_15                                       d:/arduino/hardware/tools/avr/bin/../lib/gcc/avr/4.9.2/../../../../avr/lib/avr5/crtatmega328p.o
__vector_16                                       ./arduino/wiring.o
                                                  d:/arduino/hardware/tools/avr/bin/../lib/gcc/avr/4.9.2/../../../../avr/lib/avr5/crtatmega328p.o
__vector_17                                       d:/arduino/hardware/tools/avr/bin/../lib/gcc/avr/4.9.2/../../../../avr/lib/avr5/crtatmega328p.o
__vector_18                                       ./arduino/HardwareSerial0.o
                                                  d:/arduino/hardware/tools/avr/bin/../lib/gcc/avr/4.9.2/../../../../avr/lib/avr5/crtatmega328p.o
__vector_19                                       ./arduino/HardwareSerial0.o
                                                  d:/arduino/hardware/tools/avr/bin/../lib/gcc/avr/4.9.2/../../../../avr/lib/avr5/crtatmega328p.o
__vector_2                                        ./arduino/WInterrupts.o
                                                  d:/arduino/hardware/tools/avr/bin/../lib/gcc/avr/4.9.2/../../../../avr/lib/avr5/crtatmega328p.o
__vector_20                                       d:/arduino/hardware/tools/avr/bin/../lib/gcc/avr/4.9.2/../../../../avr/lib/avr5/crtatmega328p.o
__vector_21                                       d:/arduino/hardware/tools/avr/bin/../lib/gcc/avr/4.9.2/../../../../avr/lib/avr5/crtatmega328p.o
__vector_22                                       d:/arduino/hardware/tools/avr/bin/../lib/gcc/avr/4.9.2/../../../../avr/lib/avr5/crtatmega328p.o
__vector_23                                       d:/arduino/hardware/tools/avr/bin/../lib/gcc/avr/4.9.2/../../../../avr/lib/avr5/crtatmega328p.o
__vector_24                                       d:/arduino/hardware/tools/avr/bin/../lib/gcc/avr/4.9.2/../../../../avr/lib/avr5/crtatmega328p.o
__vector_25                                       d:/arduino/hardware/tools/avr/bin/../lib/gcc/avr/4.9.2/../../../../avr/lib/avr5/crtatmega328p.o
__vector_3                                        d:/arduino/hardware/tools/avr/bin/../lib/gcc/avr/4.9.2/../../../../avr/lib/avr5/crtatmega328p.o
__vector_4                                        d:/arduino/hardware/tools/avr/bin/../lib/gcc/avr/4.9.2/../../../../avr/lib/avr5/crtatmega328p.o
__vector_5                                        d:/arduino/hardware/tools/avr/bin/../lib/gcc/avr/4.9.2/../../../../avr/lib/avr5/crtatmega328p.o
__vector_6                                        d:/arduino/hardware/tools/avr/bin/../lib/gcc/avr/4.9.2/../../../../avr/lib/avr5/crtatmega328p.o
__vector_7                                        ./arduino/Tone.o
                                                  d:/arduino/hardware/tools/avr/bin/../lib/gcc/avr/4.9.2/../../../../avr/lib/avr5/crtatmega328p.o
__vector_8                                        d:/arduino/hardware/tools/avr/bin/../lib/gcc/avr/4.9.2/../../../../avr/lib/avr5/crtatmega328p.o
__vector_9                                        d:/arduino/hardware/tools/avr/bin/../lib/gcc/avr/4.9.2/../../../../avr/lib/avr5/crtatmega328p.o
__vector_default                                  d:/arduino/hardware/tools/avr/bin/../lib/gcc/avr/4.9.2/../../../../avr/lib/avr5/crtatmega328p.o
__vectors                                         d:/arduino/hardware/tools/avr/bin/../lib/gcc/avr/4.9.2/../../../../avr/lib/avr5/crtatmega328p.o
_exit                                             d:/arduino/hardware/tools/avr/bin/../lib/gcc/avr/4.9.2/avr5\libgcc.a(_exit.o)
                                                  d:/arduino/hardware/tools/avr/bin/../lib/gcc/avr/4.9.2/../../../../avr/lib/avr5\libc.a(abort.o)
abort                                             d:/arduino/hardware/tools/avr/bin/../lib/gcc/avr/4.9.2/../../../../avr/lib/avr5\libc.a(abort.o)
                                                  ./arduino/abi.o
analogRead                                        ./arduino/wiring_analog.o
                                                  ./6b.o
analogReference                                   ./arduino/wiring_analog.o
analogWrite                                       ./arduino/wiring_analog.o
analog_reference                                  ./arduino/wiring_analog.o
atexit                                            ./arduino/main.o
atof                                              d:/arduino/hardware/tools/avr/bin/../lib/gcc/avr/4.9.2/../../../../avr/lib/avr5\libc.a(atof.o)
                                                  ./arduino/WString.o
atol                                              d:/arduino/hardware/tools/avr/bin/../lib/gcc/avr/4.9.2/../../../../avr/lib/avr5\libc.a(atol.o)
                                                  ./arduino/WString.o
attachInterrupt                                   ./arduino/WInterrupts.o
                                                  ./6b.o
countPulseASM                                     ./arduino/wiring_pulse.o
currMillis                                        ./6b.o
delay                                             ./arduino/wiring.o
delayMicroseconds                                 ./arduino/wiring.o
detachInterrupt                                   ./arduino/WInterrupts.o
digitalRead                                       ./arduino/wiring_digital.o
                                                  ./arduino/wiring_shift.o
digitalWrite                                      ./arduino/wiring_digital.o
                                                  ./arduino/wiring_shift.o
                                                  ./arduino/wiring_analog.o
                                                  ./arduino/Tone.o
digital_pin_to_bit_mask_PGM                       ./arduino/wiring_digital.o
                                                  ./arduino/wiring_pulse.o
                                                  ./arduino/Tone.o
digital_pin_to_port_PGM                           ./arduino/wiring_digital.o
                                                  ./arduino/wiring_pulse.o
                                                  ./arduino/Tone.o
digital_pin_to_timer_PGM                          ./arduino/wiring_digital.o
                                                  ./arduino/wiring_analog.o
dtoa_prf                                          d:/arduino/hardware/tools/avr/bin/../lib/gcc/avr/4.9.2/../../../../avr/lib/avr5\libc.a(dtoa_prf.o)
                                                  d:/arduino/hardware/tools/avr/bin/../lib/gcc/avr/4.9.2/../../../../avr/lib/avr5\libc.a(dtostrf.o)
dtostrf                                           d:/arduino/hardware/tools/avr/bin/../lib/gcc/avr/4.9.2/../../../../avr/lib/avr5\libc.a(dtostrf.o)
                                                  ./arduino/WString.o
errno                                             d:/arduino/hardware/tools/avr/bin/../lib/gcc/avr/4.9.2/../../../../avr/lib/avr5\libc.a(errno.o)
                                                  d:/arduino/hardware/tools/avr/bin/../lib/gcc/avr/4.9.2/../../../../avr/lib/avr5\libc.a(strtod.o)
exit                                              d:/arduino/hardware/tools/avr/bin/../lib/gcc/avr/4.9.2/avr5\libgcc.a(_exit.o)
                                                  d:/arduino/hardware/tools/avr/bin/../lib/gcc/avr/4.9.2/../../../../avr/lib/avr5/crtatmega328p.o
free                                              d:/arduino/hardware/tools/avr/bin/../lib/gcc/avr/4.9.2/../../../../avr/lib/avr5\libc.a(malloc.o)
                                                  d:/arduino/hardware/tools/avr/bin/../lib/gcc/avr/4.9.2/../../../../avr/lib/avr5\libc.a(realloc.o)
                                                  ./arduino/new.o
                                                  ./arduino/WString.o
init                                              ./arduino/wiring.o
                                                  ./arduino/main.o
initVariant                                       ./arduino/main.o
isspace                                           d:/arduino/hardware/tools/avr/bin/../lib/gcc/avr/4.9.2/../../../../avr/lib/avr5\libc.a(isspace.o)
                                                  d:/arduino/hardware/tools/avr/bin/../lib/gcc/avr/4.9.2/../../../../avr/lib/avr5\libc.a(strtod.o)
                                                  ./arduino/WString.o
itoa                                              d:/arduino/hardware/tools/avr/bin/../lib/gcc/avr/4.9.2/../../../../avr/lib/avr5\libc.a(itoa.o)
                                                  ./arduino/WString.o
loop                                              ./6b.o
                                                  ./arduino/main.o
ltoa                                              d:/arduino/hardware/tools/avr/bin/../lib/gcc/avr/4.9.2/../../../../avr/lib/avr5\libc.a(ltoa.o)
                                                  ./arduino/WString.o
main                                              ./arduino/main.o
                                                  d:/arduino/hardware/tools/avr/bin/../lib/gcc/avr/4.9.2/../../../../avr/lib/avr5/crtatmega328p.o
malloc                                            d:/arduino/hardware/tools/avr/bin/../lib/gcc/avr/4.9.2/../../../../avr/lib/avr5\libc.a(malloc.o)
                                                  d:/arduino/hardware/tools/avr/bin/../lib/gcc/avr/4.9.2/../../../../avr/lib/avr5\libc.a(realloc.o)
                                                  ./arduino/new.o
memcmp                                            d:/arduino/hardware/tools/avr/bin/../lib/gcc/avr/4.9.2/../../../../avr/lib/avr5\libc.a(memcmp.o)
                                                  ./arduino/IPAddress.o
memcpy                                            d:/arduino/hardware/tools/avr/bin/../lib/gcc/avr/4.9.2/../../../../avr/lib/avr5\libc.a(memcpy.o)
                                                  d:/arduino/hardware/tools/avr/bin/../lib/gcc/avr/4.9.2/../../../../avr/lib/avr5\libc.a(memmove.o)
                                                  d:/arduino/hardware/tools/avr/bin/../lib/gcc/avr/4.9.2/../../../../avr/lib/avr5\libc.a(realloc.o)
                                                  C:/Users/admin/eclipse-workspace/freeRTOS/Release/libfreeRTOS.a(queue.o)
                                                  ./arduino/WString.o
memmove                                           d:/arduino/hardware/tools/avr/bin/../lib/gcc/avr/4.9.2/../../../../avr/lib/avr5\libc.a(memmove.o)
                                                  ./arduino/WString.o
micros                                            ./arduino/wiring.o
                                                  ./arduino/wiring_pulse.o
millis                                            ./arduino/wiring.o
                                                  ./6b.o
                                                  ./arduino/Stream.o
pinMode                                           ./arduino/wiring_digital.o
                                                  ./arduino/wiring_analog.o
                                                  ./arduino/Tone.o
port_to_input_PGM                                 ./arduino/wiring_digital.o
                                                  ./arduino/wiring_pulse.o
port_to_mode_PGM                                  ./arduino/wiring_digital.o
port_to_output_PGM                                ./arduino/wiring_digital.o
                                                  ./arduino/Tone.o
prevMillis                                        ./6b.o
pulseIn                                           ./arduino/wiring_pulse.o
pulseInLong                                       ./arduino/wiring_pulse.o
pvPortMalloc                                      C:/Users/admin/eclipse-workspace/freeRTOS/Release/libfreeRTOS.a(heap_2.o)
                                                  C:/Users/admin/eclipse-workspace/freeRTOS/Release/libfreeRTOS.a(tasks.o)
                                                  C:/Users/admin/eclipse-workspace/freeRTOS/Release/libfreeRTOS.a(queue.o)
pvTaskIncrementMutexHeldCount                     C:/Users/admin/eclipse-workspace/freeRTOS/Release/libfreeRTOS.a(tasks.o)
                                                  C:/Users/admin/eclipse-workspace/freeRTOS/Release/libfreeRTOS.a(queue.o)
pxCurrentTCB                                      C:/Users/admin/eclipse-workspace/freeRTOS/Release/libfreeRTOS.a(tasks.o)
                                                  C:/Users/admin/eclipse-workspace/freeRTOS/Release/libfreeRTOS.a(port.o)
pxPortInitialiseStack                             C:/Users/admin/eclipse-workspace/freeRTOS/Release/libfreeRTOS.a(port.o)
                                                  C:/Users/admin/eclipse-workspace/freeRTOS/Release/libfreeRTOS.a(tasks.o)
q                                                 ./6b.o
random                                            d:/arduino/hardware/tools/avr/bin/../lib/gcc/avr/4.9.2/../../../../avr/lib/avr5\libc.a(random.o)
                                                  ./arduino/WMath.o
random_r                                          d:/arduino/hardware/tools/avr/bin/../lib/gcc/avr/4.9.2/../../../../avr/lib/avr5\libc.a(random.o)
realloc                                           d:/arduino/hardware/tools/avr/bin/../lib/gcc/avr/4.9.2/../../../../avr/lib/avr5\libc.a(realloc.o)
                                                  ./arduino/WString.o
setup                                             ./6b.o
                                                  ./arduino/main.o
shiftIn                                           ./arduino/wiring_shift.o
shiftOut                                          ./arduino/wiring_shift.o
srandom                                           d:/arduino/hardware/tools/avr/bin/../lib/gcc/avr/4.9.2/../../../../avr/lib/avr5\libc.a(random.o)
                                                  ./arduino/WMath.o
strchr                                            d:/arduino/hardware/tools/avr/bin/../lib/gcc/avr/4.9.2/../../../../avr/lib/avr5\libc.a(strchr.o)
                                                  ./arduino/WString.o
strcmp                                            d:/arduino/hardware/tools/avr/bin/../lib/gcc/avr/4.9.2/../../../../avr/lib/avr5\libc.a(strcmp.o)
                                                  ./arduino/WString.o
strcpy                                            d:/arduino/hardware/tools/avr/bin/../lib/gcc/avr/4.9.2/../../../../avr/lib/avr5\libc.a(strcpy.o)
                                                  ./arduino/WString.o
strcpy_P                                          d:/arduino/hardware/tools/avr/bin/../lib/gcc/avr/4.9.2/../../../../avr/lib/avr5\libc.a(strcpy_P.o)
                                                  ./arduino/WString.o
strncasecmp_P                                     d:/arduino/hardware/tools/avr/bin/../lib/gcc/avr/4.9.2/../../../../avr/lib/avr5\libc.a(strncasecmp_P.o)
                                                  d:/arduino/hardware/tools/avr/bin/../lib/gcc/avr/4.9.2/../../../../avr/lib/avr5\libc.a(strtod.o)
strncmp                                           d:/arduino/hardware/tools/avr/bin/../lib/gcc/avr/4.9.2/../../../../avr/lib/avr5\libc.a(strncmp.o)
                                                  ./arduino/WString.o
strncpy                                           d:/arduino/hardware/tools/avr/bin/../lib/gcc/avr/4.9.2/../../../../avr/lib/avr5\libc.a(strncpy.o)
                                                  ./arduino/WString.o
strrchr                                           d:/arduino/hardware/tools/avr/bin/../lib/gcc/avr/4.9.2/../../../../avr/lib/avr5\libc.a(strrchr.o)
                                                  ./arduino/WString.o
strrev                                            d:/arduino/hardware/tools/avr/bin/../lib/gcc/avr/4.9.2/../../../../avr/lib/avr5\libc.a(strrev.o)
                                                  d:/arduino/hardware/tools/avr/bin/../lib/gcc/avr/4.9.2/../../../../avr/lib/avr5\libc.a(utoa_ncheck.o)
                                                  d:/arduino/hardware/tools/avr/bin/../lib/gcc/avr/4.9.2/../../../../avr/lib/avr5\libc.a(ultoa_ncheck.o)
strstr                                            d:/arduino/hardware/tools/avr/bin/../lib/gcc/avr/4.9.2/../../../../avr/lib/avr5\libc.a(strstr.o)
                                                  ./arduino/WString.o
strtod                                            d:/arduino/hardware/tools/avr/bin/../lib/gcc/avr/4.9.2/../../../../avr/lib/avr5\libc.a(strtod.o)
                                                  d:/arduino/hardware/tools/avr/bin/../lib/gcc/avr/4.9.2/../../../../avr/lib/avr5\libc.a(atof.o)
timer0_millis                                     ./arduino/wiring.o
timer0_overflow_count                             ./arduino/wiring.o
timer0_pin_mask                                   ./arduino/Tone.o
timer0_pin_port                                   ./arduino/Tone.o
timer0_toggle_count                               ./arduino/Tone.o
timer1_pin_mask                                   ./arduino/Tone.o
timer1_pin_port                                   ./arduino/Tone.o
timer1_toggle_count                               ./arduino/Tone.o
timer2_pin_mask                                   ./arduino/Tone.o
timer2_pin_port                                   ./arduino/Tone.o
timer2_toggle_count                               ./arduino/Tone.o
tolower                                           d:/arduino/hardware/tools/avr/bin/../lib/gcc/avr/4.9.2/../../../../avr/lib/avr5\libc.a(tolower.o)
                                                  ./arduino/WString.o
toupper                                           d:/arduino/hardware/tools/avr/bin/../lib/gcc/avr/4.9.2/../../../../avr/lib/avr5\libc.a(toupper.o)
                                                  ./arduino/WString.o
ulTaskNotifyTake                                  C:/Users/admin/eclipse-workspace/freeRTOS/Release/libfreeRTOS.a(tasks.o)
ultoa                                             d:/arduino/hardware/tools/avr/bin/../lib/gcc/avr/4.9.2/../../../../avr/lib/avr5\libc.a(ultoa.o)
                                                  ./arduino/WString.o
utoa                                              d:/arduino/hardware/tools/avr/bin/../lib/gcc/avr/4.9.2/../../../../avr/lib/avr5\libc.a(utoa.o)
                                                  ./arduino/WString.o
uxListRemove                                      C:/Users/admin/eclipse-workspace/freeRTOS/Release/libfreeRTOS.a(list.o)
                                                  C:/Users/admin/eclipse-workspace/freeRTOS/Release/libfreeRTOS.a(tasks.o)
uxQueueMessagesWaiting                            C:/Users/admin/eclipse-workspace/freeRTOS/Release/libfreeRTOS.a(queue.o)
uxQueueMessagesWaitingFromISR                     C:/Users/admin/eclipse-workspace/freeRTOS/Release/libfreeRTOS.a(queue.o)
uxQueueSpacesAvailable                            C:/Users/admin/eclipse-workspace/freeRTOS/Release/libfreeRTOS.a(queue.o)
uxTaskGetNumberOfTasks                            C:/Users/admin/eclipse-workspace/freeRTOS/Release/libfreeRTOS.a(tasks.o)
uxTaskPriorityGet                                 C:/Users/admin/eclipse-workspace/freeRTOS/Release/libfreeRTOS.a(tasks.o)
uxTaskPriorityGetFromISR                          C:/Users/admin/eclipse-workspace/freeRTOS/Release/libfreeRTOS.a(tasks.o)
uxTaskResetEventItemValue                         C:/Users/admin/eclipse-workspace/freeRTOS/Release/libfreeRTOS.a(tasks.o)
vListInitialise                                   C:/Users/admin/eclipse-workspace/freeRTOS/Release/libfreeRTOS.a(list.o)
                                                  C:/Users/admin/eclipse-workspace/freeRTOS/Release/libfreeRTOS.a(tasks.o)
                                                  C:/Users/admin/eclipse-workspace/freeRTOS/Release/libfreeRTOS.a(queue.o)
vListInitialiseItem                               C:/Users/admin/eclipse-workspace/freeRTOS/Release/libfreeRTOS.a(list.o)
                                                  C:/Users/admin/eclipse-workspace/freeRTOS/Release/libfreeRTOS.a(tasks.o)
vListInsert                                       C:/Users/admin/eclipse-workspace/freeRTOS/Release/libfreeRTOS.a(list.o)
                                                  C:/Users/admin/eclipse-workspace/freeRTOS/Release/libfreeRTOS.a(tasks.o)
vListInsertEnd                                    C:/Users/admin/eclipse-workspace/freeRTOS/Release/libfreeRTOS.a(list.o)
                                                  C:/Users/admin/eclipse-workspace/freeRTOS/Release/libfreeRTOS.a(tasks.o)
vPortEndScheduler                                 C:/Users/admin/eclipse-workspace/freeRTOS/Release/libfreeRTOS.a(port.o)
                                                  C:/Users/admin/eclipse-workspace/freeRTOS/Release/libfreeRTOS.a(tasks.o)
vPortFree                                         C:/Users/admin/eclipse-workspace/freeRTOS/Release/libfreeRTOS.a(heap_2.o)
                                                  C:/Users/admin/eclipse-workspace/freeRTOS/Release/libfreeRTOS.a(tasks.o)
                                                  C:/Users/admin/eclipse-workspace/freeRTOS/Release/libfreeRTOS.a(queue.o)
vPortInitialiseBlocks                             C:/Users/admin/eclipse-workspace/freeRTOS/Release/libfreeRTOS.a(heap_2.o)
vPortYield                                        C:/Users/admin/eclipse-workspace/freeRTOS/Release/libfreeRTOS.a(port.o)
                                                  C:/Users/admin/eclipse-workspace/freeRTOS/Release/libfreeRTOS.a(tasks.o)
                                                  C:/Users/admin/eclipse-workspace/freeRTOS/Release/libfreeRTOS.a(queue.o)
vPortYieldFromTick                                C:/Users/admin/eclipse-workspace/freeRTOS/Release/libfreeRTOS.a(port.o)
vQueueDelete                                      C:/Users/admin/eclipse-workspace/freeRTOS/Release/libfreeRTOS.a(queue.o)
vTaskDelay                                        C:/Users/admin/eclipse-workspace/freeRTOS/Release/libfreeRTOS.a(tasks.o)
vTaskDelayUntil                                   C:/Users/admin/eclipse-workspace/freeRTOS/Release/libfreeRTOS.a(tasks.o)
                                                  ./6b.o
vTaskDelete                                       C:/Users/admin/eclipse-workspace/freeRTOS/Release/libfreeRTOS.a(tasks.o)
vTaskEndScheduler                                 C:/Users/admin/eclipse-workspace/freeRTOS/Release/libfreeRTOS.a(tasks.o)
vTaskMissedYield                                  C:/Users/admin/eclipse-workspace/freeRTOS/Release/libfreeRTOS.a(tasks.o)
                                                  C:/Users/admin/eclipse-workspace/freeRTOS/Release/libfreeRTOS.a(queue.o)
vTaskNotifyGiveFromISR                            C:/Users/admin/eclipse-workspace/freeRTOS/Release/libfreeRTOS.a(tasks.o)
vTaskPlaceOnEventList                             C:/Users/admin/eclipse-workspace/freeRTOS/Release/libfreeRTOS.a(tasks.o)
                                                  C:/Users/admin/eclipse-workspace/freeRTOS/Release/libfreeRTOS.a(queue.o)
vTaskPlaceOnUnorderedEventList                    C:/Users/admin/eclipse-workspace/freeRTOS/Release/libfreeRTOS.a(tasks.o)
vTaskPriorityInherit                              C:/Users/admin/eclipse-workspace/freeRTOS/Release/libfreeRTOS.a(tasks.o)